Component: ARM Compiler 5.06 update 3 (build 300) Tool: armlink [4d35c9]

==============================================================================

Section Cross References

    main.o(i.SystemClock_Config) refers to stm32l0xx_hal_rcc.o(i.HAL_RCC_OscConfig) for HAL_RCC_OscConfig
    main.o(i.SystemClock_Config) refers to stm32l0xx_hal_rcc.o(i.HAL_RCC_ClockConfig) for HAL_RCC_ClockConfig
    main.o(i.SystemClock_Config) refers to stm32l0xx_hal_rcc_ex.o(i.HAL_RCCEx_PeriphCLKConfig) for HAL_RCCEx_PeriphCLKConfig
    main.o(i.SystemClock_Config) refers to stm32l0xx_hal_rcc.o(i.HAL_RCC_GetHCLKFreq) for HAL_RCC_GetHCLKFreq
    main.o(i.SystemClock_Config) refers to uidiv.o(.text) for __aeabi_uidivmod
    main.o(i.SystemClock_Config) refers to stm32l0xx_hal_cortex.o(i.HAL_SYSTICK_Config) for HAL_SYSTICK_Config
    main.o(i.SystemClock_Config) refers to stm32l0xx_hal_cortex.o(i.HAL_SYSTICK_CLKSourceConfig) for HAL_SYSTICK_CLKSourceConfig
    main.o(i.SystemClock_Config) refers to stm32l0xx_hal_cortex.o(i.HAL_NVIC_SetPriority) for HAL_NVIC_SetPriority
    main.o(i.main) refers to stm32l0xx_hal.o(i.HAL_Init) for HAL_Init
    main.o(i.main) refers to main.o(i.SystemClock_Config) for SystemClock_Config
    main.o(i.main) refers to gpio.o(i.MX_GPIO_Init) for MX_GPIO_Init
    main.o(i.main) refers to dma.o(i.MX_DMA_Init) for MX_DMA_Init
    main.o(i.main) refers to adc.o(i.MX_ADC_Init) for MX_ADC_Init
    main.o(i.main) refers to tim.o(i.MX_TIM2_Init) for MX_TIM2_Init
    main.o(i.main) refers to tim.o(i.MX_TIM21_Init) for MX_TIM21_Init
    main.o(i.main) refers to usart.o(i.MX_USART2_UART_Init) for MX_USART2_UART_Init
    main.o(i.main) refers to stm32l0xx_hal_gpio.o(i.HAL_GPIO_WritePin) for HAL_GPIO_WritePin
    main.o(i.main) refers to match_dsp.o(i.LoadSetting) for LoadSetting
    main.o(i.main) refers to stm32l0xx_hal_uart.o(i.HAL_UART_Receive_IT) for HAL_UART_Receive_IT
    main.o(i.main) refers to stm32l0xx_hal_adc_ex.o(i.HAL_ADCEx_Calibration_Start) for HAL_ADCEx_Calibration_Start
    main.o(i.main) refers to stm32l0xx_hal_adc.o(i.HAL_ADC_Start_DMA) for HAL_ADC_Start_DMA
    main.o(i.main) refers to match_dsp.o(i.blink) for blink
    main.o(i.main) refers to stm32l0xx_hal_tim.o(i.HAL_TIM_Base_Start_IT) for HAL_TIM_Base_Start_IT
    main.o(i.main) refers to match_dsp.o(i.DefaultSettings) for DefaultSettings
    main.o(i.main) refers to match_dsp.o(.bss) for SETUP
    main.o(i.main) refers to match_dsp.o(.data) for UART2_RecvType
    main.o(i.main) refers to usart.o(.bss) for huart2
    main.o(i.main) refers to adc.o(.bss) for hadc
    main.o(i.main) refers to main.o(.data) for .data
    main.o(i.main) refers to tim.o(.bss) for htim21
    gpio.o(i.MX_GPIO_Init) refers to stm32l0xx_hal_gpio.o(i.HAL_GPIO_WritePin) for HAL_GPIO_WritePin
    gpio.o(i.MX_GPIO_Init) refers to stm32l0xx_hal_gpio.o(i.HAL_GPIO_Init) for HAL_GPIO_Init
    gpio.o(i.MX_GPIO_Init) refers to stm32l0xx_hal_cortex.o(i.HAL_NVIC_SetPriority) for HAL_NVIC_SetPriority
    gpio.o(i.MX_GPIO_Init) refers to stm32l0xx_hal_cortex.o(i.HAL_NVIC_EnableIRQ) for HAL_NVIC_EnableIRQ
    stm32l0xx_hal_msp.o(i.HAL_MspInit) refers to stm32l0xx_hal_cortex.o(i.HAL_NVIC_SetPriority) for HAL_NVIC_SetPriority
    dma.o(i.MX_DMA_Init) refers to stm32l0xx_hal_cortex.o(i.HAL_NVIC_SetPriority) for HAL_NVIC_SetPriority
    dma.o(i.MX_DMA_Init) refers to stm32l0xx_hal_cortex.o(i.HAL_NVIC_EnableIRQ) for HAL_NVIC_EnableIRQ
    tim.o(i.HAL_TIM_Base_MspDeInit) refers to stm32l0xx_hal_dma.o(i.HAL_DMA_DeInit) for HAL_DMA_DeInit
    tim.o(i.HAL_TIM_Base_MspDeInit) refers to stm32l0xx_hal_cortex.o(i.HAL_NVIC_DisableIRQ) for HAL_NVIC_DisableIRQ
    tim.o(i.HAL_TIM_Base_MspInit) refers to stm32l0xx_hal_dma.o(i.HAL_DMA_Init) for HAL_DMA_Init
    tim.o(i.HAL_TIM_Base_MspInit) refers to main.o(i._Error_Handler) for _Error_Handler
    tim.o(i.HAL_TIM_Base_MspInit) refers to stm32l0xx_hal_cortex.o(i.HAL_NVIC_SetPriority) for HAL_NVIC_SetPriority
    tim.o(i.HAL_TIM_Base_MspInit) refers to stm32l0xx_hal_cortex.o(i.HAL_NVIC_EnableIRQ) for HAL_NVIC_EnableIRQ
    tim.o(i.HAL_TIM_Base_MspInit) refers to tim.o(.bss) for .bss
    tim.o(i.HAL_TIM_MspPostInit) refers to stm32l0xx_hal_gpio.o(i.HAL_GPIO_Init) for HAL_GPIO_Init
    tim.o(i.MX_TIM21_Init) refers to stm32l0xx_hal_tim.o(i.HAL_TIM_Base_Init) for HAL_TIM_Base_Init
    tim.o(i.MX_TIM21_Init) refers to main.o(i._Error_Handler) for _Error_Handler
    tim.o(i.MX_TIM21_Init) refers to stm32l0xx_hal_tim.o(i.HAL_TIM_ConfigClockSource) for HAL_TIM_ConfigClockSource
    tim.o(i.MX_TIM21_Init) refers to stm32l0xx_hal_tim_ex.o(i.HAL_TIMEx_MasterConfigSynchronization) for HAL_TIMEx_MasterConfigSynchronization
    tim.o(i.MX_TIM21_Init) refers to tim.o(.bss) for .bss
    tim.o(i.MX_TIM2_Init) refers to stm32l0xx_hal_tim.o(i.HAL_TIM_Base_Init) for HAL_TIM_Base_Init
    tim.o(i.MX_TIM2_Init) refers to main.o(i._Error_Handler) for _Error_Handler
[...]
    Removing stm32l0xx_hal_rcc.o(i.HAL_RCC_MCOConfig), (112 bytes).
    Removing stm32l0xx_hal_tim_ex.o(.rev16_text), (4 bytes).
    Removing stm32l0xx_hal_tim_ex.o(.revsh_text), (4 bytes).
    Removing stm32l0xx_hal_tim_ex.o(i.HAL_TIMEx_RemapConfig), (30 bytes).
    Removing stm32l0xx_hal_cortex.o(.rev16_text), (4 bytes).
    Removing stm32l0xx_hal_cortex.o(.revsh_text), (4 bytes).
    Removing stm32l0xx_hal_cortex.o(i.HAL_NVIC_ClearPendingIRQ), (20 bytes).
    Removing stm32l0xx_hal_cortex.o(i.HAL_NVIC_DisableIRQ), (20 bytes).
    Removing stm32l0xx_hal_cortex.o(i.HAL_NVIC_GetPendingIRQ), (28 bytes).
    Removing stm32l0xx_hal_cortex.o(i.HAL_NVIC_GetPriority), (52 bytes).
    Removing stm32l0xx_hal_cortex.o(i.HAL_NVIC_SetPendingIRQ), (20 bytes).
    Removing stm32l0xx_hal_cortex.o(i.HAL_NVIC_SystemReset), (28 bytes).
    Removing stm32l0xx_hal_adc.o(.rev16_text), (4 bytes).
    Removing stm32l0xx_hal_adc.o(.revsh_text), (4 bytes).
    Removing stm32l0xx_hal_adc.o(i.ADC_ConversionStop), (82 bytes).
    Removing stm32l0xx_hal_adc.o(i.ADC_Disable), (96 bytes).
    Removing stm32l0xx_hal_adc.o(i.HAL_ADC_AnalogWDGConfig), (156 bytes).
    Removing stm32l0xx_hal_adc.o(i.HAL_ADC_DeInit), (180 bytes).
    Removing stm32l0xx_hal_adc.o(i.HAL_ADC_GetError), (4 bytes).
    Removing stm32l0xx_hal_adc.o(i.HAL_ADC_GetState), (4 bytes).
    Removing stm32l0xx_hal_adc.o(i.HAL_ADC_GetValue), (6 bytes).
    Removing stm32l0xx_hal_adc.o(i.HAL_ADC_MspDeInit), (2 bytes).
    Removing stm32l0xx_hal_adc.o(i.HAL_ADC_MspInit), (2 bytes).
    Removing stm32l0xx_hal_adc.o(i.HAL_ADC_PollForConversion), (190 bytes).
    Removing stm32l0xx_hal_adc.o(i.HAL_ADC_PollForEvent), (116 bytes).
    Removing stm32l0xx_hal_adc.o(i.HAL_ADC_Start), (92 bytes).
    Removing stm32l0xx_hal_adc.o(i.HAL_ADC_Start_IT), (124 bytes).
    Removing stm32l0xx_hal_adc.o(i.HAL_ADC_Stop), (62 bytes).
    Removing stm32l0xx_hal_adc.o(i.HAL_ADC_Stop_DMA), (112 bytes).
    Removing stm32l0xx_hal_adc.o(i.HAL_ADC_Stop_IT), (72 bytes).
    Removing stm32l0xx_hal_dma.o(.rev16_text), (4 bytes).
    Removing stm32l0xx_hal_dma.o(.revsh_text), (4 bytes).
    Removing stm32l0xx_hal_dma.o(i.HAL_DMA_Abort), (76 bytes).
    Removing stm32l0xx_hal_dma.o(i.HAL_DMA_DeInit), (328 bytes).
    Removing stm32l0xx_hal_dma.o(i.HAL_DMA_GetError), (4 bytes).
    Removing stm32l0xx_hal_dma.o(i.HAL_DMA_GetState), (6 bytes).
    Removing stm32l0xx_hal_dma.o(i.HAL_DMA_PollForTransfer), (452 bytes).
    Removing stm32l0xx_hal_dma.o(i.HAL_DMA_Start), (50 bytes).
    Removing stm32l0xx_hal_tim.o(.rev16_text), (4 bytes).
    Removing stm32l0xx_hal_tim.o(.revsh_text), (4 bytes).
    Removing stm32l0xx_hal_tim.o(i.HAL_TIM_Base_DeInit), (44 bytes).
    Removing stm32l0xx_hal_tim.o(i.HAL_TIM_Base_GetState), (6 bytes).
    Removing stm32l0xx_hal_tim.o(i.HAL_TIM_Base_MspDeInit), (2 bytes).
    Removing stm32l0xx_hal_tim.o(i.HAL_TIM_Base_MspInit), (2 bytes).
    Removing stm32l0xx_hal_tim.o(i.HAL_TIM_Base_Start), (24 bytes).
    Removing stm32l0xx_hal_tim.o(i.HAL_TIM_Base_Start_DMA), (100 bytes).
    Removing stm32l0xx_hal_tim.o(i.HAL_TIM_Base_Stop), (40 bytes).
    Removing stm32l0xx_hal_tim.o(i.HAL_TIM_Base_Stop_DMA), (44 bytes).
    Removing stm32l0xx_hal_tim.o(i.HAL_TIM_ConfigOCrefClear), (168 bytes).
    Removing stm32l0xx_hal_tim.o(i.HAL_TIM_ConfigTI1Input), (16 bytes).
    Removing stm32l0xx_hal_tim.o(i.HAL_TIM_DMABurst_ReadStart), (240 bytes).
    Removing stm32l0xx_hal_tim.o(i.HAL_TIM_DMABurst_ReadStop), (90 bytes).
    Removing stm32l0xx_hal_tim.o(i.HAL_TIM_DMABurst_WriteStart), (240 bytes).
    Removing stm32l0xx_hal_tim.o(i.HAL_TIM_DMABurst_WriteStop), (90 bytes).
    Removing stm32l0xx_hal_tim.o(i.HAL_TIM_Encoder_DeInit), (44 bytes).
    Removing stm32l0xx_hal_tim.o(i.HAL_TIM_Encoder_GetState), (6 bytes).
    Removing stm32l0xx_hal_tim.o(i.HAL_TIM_Encoder_Init), (152 bytes).
    Removing stm32l0xx_hal_tim.o(i.HAL_TIM_Encoder_MspDeInit), (2 bytes).
    Removing stm32l0xx_hal_tim.o(i.HAL_TIM_Encoder_MspInit), (2 bytes).
    Removing stm32l0xx_hal_tim.o(i.HAL_TIM_Encoder_Start), (52 bytes).
    Removing stm32l0xx_hal_tim.o(i.HAL_TIM_Encoder_Start_DMA), (284 bytes).
    Removing stm32l0xx_hal_tim.o(i.HAL_TIM_Encoder_Start_IT), (92 bytes).
    Removing stm32l0xx_hal_tim.o(i.HAL_TIM_Encoder_Stop), (64 bytes).
    Removing stm32l0xx_hal_tim.o(i.HAL_TIM_Encoder_Stop_DMA), (112 bytes).
    Removing stm32l0xx_hal_tim.o(i.HAL_TIM_Encoder_Stop_IT), (112 bytes).
    Removing stm32l0xx_hal_tim.o(i.HAL_TIM_GenerateEvent), (36 bytes).
    Removing stm32l0xx_hal_tim.o(i.HAL_TIM_IC_ConfigChannel), (288 bytes).
    Removing stm32l0xx_hal_tim.o(i.HAL_TIM_IC_DeInit), (44 bytes).
    Removing stm32l0xx_hal_tim.o(i.HAL_TIM_IC_GetState), (6 bytes).
    Removing stm32l0xx_hal_tim.o(i.HAL_TIM_IC_Init), (52 bytes).
    Removing stm32l0xx_hal_tim.o(i.HAL_TIM_IC_MspDeInit), (2 bytes).
    Removing stm32l0xx_hal_tim.o(i.HAL_TIM_IC_MspInit), (2 bytes).
    Removing stm32l0xx_hal_tim.o(i.HAL_TIM_IC_Start), (26 bytes).
    Removing stm32l0xx_hal_tim.o(i.HAL_TIM_IC_Start_DMA), (212 bytes).
    Removing stm32l0xx_hal_tim.o(i.HAL_TIM_IC_Start_IT), (72 bytes).
    Removing stm32l0xx_hal_tim.o(i.HAL_TIM_IC_Stop), (40 bytes).
    Removing stm32l0xx_hal_tim.o(i.HAL_TIM_IC_Stop_DMA), (100 bytes).
    Removing stm32l0xx_hal_tim.o(i.HAL_TIM_IC_Stop_IT), (84 bytes).
    Removing stm32l0xx_hal_tim.o(i.HAL_TIM_OC_ConfigChannel), (80 bytes).
    Removing stm32l0xx_hal_tim.o(i.HAL_TIM_OC_DeInit), (44 bytes).
    Removing stm32l0xx_hal_tim.o(i.HAL_TIM_OC_GetState), (6 bytes).
    Removing stm32l0xx_hal_tim.o(i.HAL_TIM_OC_Init), (52 bytes).
    Removing stm32l0xx_hal_tim.o(i.HAL_TIM_OC_MspDeInit), (2 bytes).
    Removing stm32l0xx_hal_tim.o(i.HAL_TIM_OC_MspInit), (2 bytes).
    Removing stm32l0xx_hal_tim.o(i.HAL_TIM_OC_Start), (26 bytes).
    Removing stm32l0xx_hal_tim.o(i.HAL_TIM_OC_Start_DMA), (220 bytes).
    Removing stm32l0xx_hal_tim.o(i.HAL_TIM_OC_Start_IT), (72 bytes).
    Removing stm32l0xx_hal_tim.o(i.HAL_TIM_OC_Stop), (40 bytes).
    Removing stm32l0xx_hal_tim.o(i.HAL_TIM_OC_Stop_DMA), (100 bytes).
    Removing stm32l0xx_hal_tim.o(i.HAL_TIM_OC_Stop_IT), (84 bytes).
    Removing stm32l0xx_hal_tim.o(i.HAL_TIM_OnePulse_ConfigChannel), (202 bytes).
    Removing stm32l0xx_hal_tim.o(i.HAL_TIM_OnePulse_DeInit), (44 bytes).
    Removing stm32l0xx_hal_tim.o(i.HAL_TIM_OnePulse_GetState), (6 bytes).
    Removing stm32l0xx_hal_tim.o(i.HAL_TIM_OnePulse_Init), (72 bytes).
    Removing stm32l0xx_hal_tim.o(i.HAL_TIM_OnePulse_MspDeInit), (2 bytes).
    Removing stm32l0xx_hal_tim.o(i.HAL_TIM_OnePulse_MspInit), (2 bytes).
    Removing stm32l0xx_hal_tim.o(i.HAL_TIM_OnePulse_Start), (28 bytes).
    Removing stm32l0xx_hal_tim.o(i.HAL_TIM_OnePulse_Start_IT), (48 bytes).
    Removing stm32l0xx_hal_tim.o(i.HAL_TIM_OnePulse_Stop), (52 bytes).
    Removing stm32l0xx_hal_tim.o(i.HAL_TIM_OnePulse_Stop_IT), (72 bytes).
    Removing stm32l0xx_hal_tim.o(i.HAL_TIM_PWM_DeInit), (44 bytes).
    Removing stm32l0xx_hal_tim.o(i.HAL_TIM_PWM_GetState), (6 bytes).
    Removing stm32l0xx_hal_tim.o(i.HAL_TIM_PWM_MspDeInit), (2 bytes).
    Removing stm32l0xx_hal_tim.o(i.HAL_TIM_PWM_PulseFinishedCallback), (2 bytes).
    Removing stm32l0xx_hal_tim.o(i.HAL_TIM_PWM_Start), (26 bytes).
    Removing stm32l0xx_hal_tim.o(i.HAL_TIM_PWM_Start_IT), (72 bytes).
    Removing stm32l0xx_hal_tim.o(i.HAL_TIM_PWM_Stop), (44 bytes).
    Removing stm32l0xx_hal_tim.o(i.HAL_TIM_PWM_Stop_IT), (84 bytes).
    Removing stm32l0xx_hal_tim.o(i.HAL_TIM_PeriodElapsedCallback), (2 bytes).
    Removing stm32l0xx_hal_tim.o(i.HAL_TIM_ReadCapturedValue), (70 bytes).
    Removing stm32l0xx_hal_tim.o(i.HAL_TIM_SlaveConfigSynchronization), (60 bytes).
    Removing stm32l0xx_hal_tim.o(i.HAL_TIM_SlaveConfigSynchronization_IT), (60 bytes).
    Removing stm32l0xx_hal_tim.o(i.TIM_DMACaptureCplt), (62 bytes).
    Removing stm32l0xx_hal_tim.o(i.TIM_DMAPeriodElapsedCplt), (16 bytes).
    Removing stm32l0xx_hal_tim.o(i.TIM_DMATriggerCplt), (16 bytes).
    Removing stm32l0xx_hal_tim.o(i.TIM_SlaveTimer_SetConfig), (122 bytes).
    Removing stm32l0xx_hal_tim.o(i.TIM_TI1_SetConfig), (72 bytes).
    Removing stm32l0xx_hal_tim.o(i.TIM_TI2_SetConfig), (52 bytes).
    Removing stm32l0xx_hal_flash.o(.rev16_text), (4 bytes).
    Removing stm32l0xx_hal_flash.o(.revsh_text), (4 bytes).
    Removing stm32l0xx_hal_flash.o(i.FLASH_ErasePage), (40 bytes).
    Removing stm32l0xx_hal_flash.o(i.HAL_FLASH_EndOfOperationCallback), (2 bytes).
    Removing stm32l0xx_hal_flash.o(i.HAL_FLASH_GetError), (12 bytes).
    Removing stm32l0xx_hal_flash.o(i.HAL_FLASH_IRQHandler), (204 bytes).
    Removing stm32l0xx_hal_flash.o(i.HAL_FLASH_Lock), (20 bytes).
    Removing stm32l0xx_hal_flash.o(i.HAL_FLASH_OB_Launch), (40 bytes).
    Removing stm32l0xx_hal_flash.o(i.HAL_FLASH_OB_Lock), (20 bytes).
    Removing stm32l0xx_hal_flash.o(i.HAL_FLASH_OB_Unlock), (60 bytes).
    Removing stm32l0xx_hal_flash.o(i.HAL_FLASH_OperationErrorCallback), (2 bytes).
    Removing stm32l0xx_hal_flash.o(i.HAL_FLASH_Program), (60 bytes).
    Removing stm32l0xx_hal_flash.o(i.HAL_FLASH_Program_IT), (88 bytes).
    Removing stm32l0xx_hal_flash.o(i.HAL_FLASH_Unlock), (60 bytes).
    Removing system_stm32l0xx.o(.rev16_text), (4 bytes).
    Removing system_stm32l0xx.o(.revsh_text), (4 bytes).
    Removing system_stm32l0xx.o(i.SystemCoreClockUpdate), (136 bytes).

361 unused section(s) (total 22770 bytes) removed from the image.

==============================================================================

Image Symbol Table

    Local Symbols

    Symbol Name                              Value     Ov Type        Size  Object(Section)

    ../Drivers/STM32L0xx_HAL_Driver/Src/stm32l0xx_hal.c 0x00000000   Number         0  stm32l0xx_hal.o ABSOLUTE
    ../Drivers/STM32L0xx_HAL_Driver/Src/stm32l0xx_hal_adc.c 0x00000000   Number         0  stm32l0xx_hal_adc.o ABSOLUTE
    ../Drivers/STM32L0xx_HAL_Driver/Src/stm32l0xx_hal_adc_ex.c 0x00000000   Number         0  stm32l0xx_hal_adc_ex.o ABSOLUTE
    ../Drivers/STM32L0xx_HAL_Driver/Src/stm32l0xx_hal_cortex.c 0x00000000   Number         0  stm32l0xx_hal_cortex.o ABSOLUTE
    ../Drivers/STM32L0xx_HAL_Driver/Src/stm32l0xx_hal_dma.c 0x00000000   Number         0  stm32l0xx_hal_dma.o ABSOLUTE
    ../Drivers/STM32L0xx_HAL_Driver/Src/stm32l0xx_hal_flash.c 0x00000000   Number         0  stm32l0xx_hal_flash.o ABSOLUTE
    ../Drivers/STM32L0xx_HAL_Driver/Src/stm32l0xx_hal_flash_ex.c 0x00000000   Number         0  stm32l0xx_hal_flash_ex.o ABSOLUTE
    ../Drivers/STM32L0xx_HAL_Driver/Src/stm32l0xx_hal_flash_ramfunc.c 0x00000000   Number         0  stm32l0xx_hal_flash_ramfunc.o ABSOLUTE
    ../Drivers/STM32L0xx_HAL_Driver/Src/stm32l0xx_hal_gpio.c 0x00000000   Number         0  stm32l0xx_hal_gpio.o ABSOLUTE
    ../Drivers/STM32L0xx_HAL_Driver/Src/stm32l0xx_hal_i2c.c 0x00000000   Number         0  stm32l0xx_hal_i2c.o ABSOLUTE
    ../Drivers/STM32L0xx_HAL_Driver/Src/stm32l0xx_hal_i2c_ex.c 0x00000000   Number         0  stm32l0xx_hal_i2c_ex.o ABSOLUTE
    ../Drivers/STM32L0xx_HAL_Driver/Src/stm32l0xx_hal_pwr.c 0x00000000   Number         0  stm32l0xx_hal_pwr.o ABSOLUTE
    ../Drivers/STM32L0xx_HAL_Driver/Src/stm32l0xx_hal_pwr_ex.c 0x00000000   Number         0  stm32l0xx_hal_pwr_ex.o ABSOLUTE
    ../Drivers/STM32L0xx_HAL_Driver/Src/stm32l0xx_hal_rcc.c 0x00000000   Number         0  stm32l0xx_hal_rcc.o ABSOLUTE
    ../Drivers/STM32L0xx_HAL_Driver/Src/stm32l0xx_hal_rcc_ex.c 0x00000000   Number         0  stm32l0xx_hal_rcc_ex.o ABSOLUTE
    ../Drivers/STM32L0xx_HAL_Driver/Src/stm32l0xx_hal_tim.c 0x00000000   Number         0  stm32l0xx_hal_tim.o ABSOLUTE
    ../Drivers/STM32L0xx_HAL_Driver/Src/stm32l0xx_hal_tim_ex.c 0x00000000   Number         0  stm32l0xx_hal_tim_ex.o ABSOLUTE
    ../Drivers/STM32L0xx_HAL_Driver/Src/stm32l0xx_hal_uart.c 0x00000000   Number         0  stm32l0xx_hal_uart.o ABSOLUTE
    ../Drivers/STM32L0xx_HAL_Driver/Src/stm32l0xx_hal_uart_ex.c 0x00000000   Number         0  stm32l0xx_hal_uart_ex.o ABSOLUTE
    ../Src/adc.c                             0x00000000   Number         0  adc.o ABSOLUTE
    ../Src/dma.c                             0x00000000   Number         0  dma.o ABSOLUTE
    ../Src/gpio.c                            0x00000000   Number         0  gpio.o ABSOLUTE
    ../Src/main.c                            0x00000000   Number         0  main.o ABSOLUTE
    ../Src/stm32l0xx_hal_msp.c               0x00000000   Number         0  stm32l0xx_hal_msp.o ABSOLUTE
    ../Src/stm32l0xx_it.c                    0x00000000   Number         0  stm32l0xx_it.o ABSOLUTE
    ../Src/system_stm32l0xx.c                0x00000000   Number         0  system_stm32l0xx.o ABSOLUTE
    ../Src/tim.c                             0x00000000   Number         0  tim.o ABSOLUTE
    ../Src/usart.c                           0x00000000   Number         0  usart.o ABSOLUTE
    ../clib/microlib/division.c              0x00000000   Number         0  uidiv.o ABSOLUTE
    ../clib/microlib/init/entry.s            0x00000000   Number         0  entry2.o ABSOLUTE
    ../clib/microlib/init/entry.s            0x00000000   Number         0  entry9a.o ABSOLUTE
    ../clib/microlib/init/entry.s            0x00000000   Number         0  entry8b.o ABSOLUTE
    ../clib/microlib/init/entry.s            0x00000000   Number         0  entry8a.o ABSOLUTE
    ../clib/microlib/init/entry.s            0x00000000   Number         0  entry7a.o ABSOLUTE
    ../clib/microlib/init/entry.s            0x00000000   Number         0  entry5.o ABSOLUTE
    ../clib/microlib/init/entry.s            0x00000000   Number         0  entry.o ABSOLUTE
    ../clib/microlib/init/entry.s            0x00000000   Number         0  entry9b.o ABSOLUTE
    ../clib/microlib/init/entry.s            0x00000000   Number         0  entry7b.o ABSOLUTE
    ../clib/microlib/init/entry.s            0x00000000   Number         0  entry11b.o ABSOLUTE
    ../clib/microlib/init/entry.s            0x00000000   Number         0  entry11a.o ABSOLUTE
    ../clib/microlib/init/entry.s            0x00000000   Number         0  entry10b.o ABSOLUTE
    ../clib/microlib/init/entry.s            0x00000000   Number         0  entry10a.o ABSOLUTE
    ../clib/microlib/longlong.c              0x00000000   Number         0  llushr.o ABSOLUTE
    ../clib/microlib/longlong.c              0x00000000   Number         0  llshl.o ABSOLUTE
    ../clib/microlib/longlong.c              0x00000000   Number         0  llsshr.o ABSOLUTE
    ../clib/microlib/string/memcpy.c         0x00000000   Number         0  memcpyb.o ABSOLUTE
    ../clib/microlib/string/memcpy.c         0x00000000   Number         0  memcpya.o ABSOLUTE
    ../clib/microlib/string/memset.c         0x00000000   Number         0  memseta.o ABSOLUTE
    ../clib/microlib/stubs.s                 0x00000000   Number         0  iusefp.o ABSOLUTE
    ../fplib/microlib/fpadd.c                0x00000000   Number         0  dadd.o ABSOLUTE
    ../fplib/microlib/fpadd.c                0x00000000   Number         0  fadd.o ABSOLUTE
    ../fplib/microlib/fpdiv.c                0x00000000   Number         0  fdiv.o ABSOLUTE
    ../fplib/microlib/fpdiv.c                0x00000000   Number         0  ddiv.o ABSOLUTE
    ../fplib/microlib/fpepilogue.c           0x00000000   Number         0  fepilogue.o ABSOLUTE
    ../fplib/microlib/fpepilogue.c           0x00000000   Number         0  depilogue.o ABSOLUTE
    ../fplib/microlib/fpfix.c                0x00000000   Number         0  dfixui.o ABSOLUTE
    ../fplib/microlib/fpflt.c                0x00000000   Number         0  ffltui.o ABSOLUTE
    ../fplib/microlib/fpflt.c                0x00000000   Number         0  dfltul.o ABSOLUTE
    ../fplib/microlib/fpflt.c                0x00000000   Number         0  dfltui.o ABSOLUTE
    ../fplib/microlib/fpmul.c                0x00000000   Number         0  fmul.o ABSOLUTE
    ../fplib/microlib/fpscalb.c              0x00000000   Number         0  dscalb.o ABSOLUTE
    ..\Drivers\STM32L0xx_HAL_Driver\Src\stm32l0xx_hal.c 0x00000000   Number         0  stm32l0xx_hal.o ABSOLUTE
    ..\Drivers\STM32L0xx_HAL_Driver\Src\stm32l0xx_hal_adc.c 0x00000000   Number         0  stm32l0xx_hal_adc.o ABSOLUTE
    ..\Drivers\STM32L0xx_HAL_Driver\Src\stm32l0xx_hal_adc_ex.c 0x00000000   Number         0  stm32l0xx_hal_adc_ex.o ABSOLUTE
    ..\Drivers\STM32L0xx_HAL_Driver\Src\stm32l0xx_hal_cortex.c 0x00000000   Number         0  stm32l0xx_hal_cortex.o ABSOLUTE
    ..\Drivers\STM32L0xx_HAL_Driver\Src\stm32l0xx_hal_dma.c 0x00000000   Number         0  stm32l0xx_hal_dma.o ABSOLUTE
    ..\Drivers\STM32L0xx_HAL_Driver\Src\stm32l0xx_hal_flash.c 0x00000000   Number         0  stm32l0xx_hal_flash.o ABSOLUTE
    ..\Drivers\STM32L0xx_HAL_Driver\Src\stm32l0xx_hal_flash_ex.c 0x00000000   Number         0  stm32l0xx_hal_flash_ex.o ABSOLUTE
    ..\Drivers\STM32L0xx_HAL_Driver\Src\stm32l0xx_hal_flash_ramfunc.c 0x00000000   Number         0  stm32l0xx_hal_flash_ramfunc.o ABSOLUTE
    ..\Drivers\STM32L0xx_HAL_Driver\Src\stm32l0xx_hal_gpio.c 0x00000000   Number         0  stm32l0xx_hal_gpio.o ABSOLUTE
    ..\Drivers\STM32L0xx_HAL_Driver\Src\stm32l0xx_hal_i2c.c 0x00000000   Number         0  stm32l0xx_hal_i2c.o ABSOLUTE
    ..\Drivers\STM32L0xx_HAL_Driver\Src\stm32l0xx_hal_i2c_ex.c 0x00000000   Number         0  stm32l0xx_hal_i2c_ex.o ABSOLUTE
    ..\Drivers\STM32L0xx_HAL_Driver\Src\stm32l0xx_hal_pwr.c 0x00000000   Number         0  stm32l0xx_hal_pwr.o ABSOLUTE
    ..\Drivers\STM32L0xx_HAL_Driver\Src\stm32l0xx_hal_pwr_ex.c 0x00000000   Number         0  stm32l0xx_hal_pwr_ex.o ABSOLUTE
    ..\Drivers\STM32L0xx_HAL_Driver\Src\stm32l0xx_hal_rcc.c 0x00000000   Number         0  stm32l0xx_hal_rcc.o ABSOLUTE
    ..\Drivers\STM32L0xx_HAL_Driver\Src\stm32l0xx_hal_rcc_ex.c 0x00000000   Number         0  stm32l0xx_hal_rcc_ex.o ABSOLUTE
    ..\Drivers\STM32L0xx_HAL_Driver\Src\stm32l0xx_hal_tim.c 0x00000000   Number         0  stm32l0xx_hal_tim.o ABSOLUTE
    ..\Drivers\STM32L0xx_HAL_Driver\Src\stm32l0xx_hal_tim_ex.c 0x00000000   Number         0  stm32l0xx_hal_tim_ex.o ABSOLUTE
    ..\Drivers\STM32L0xx_HAL_Driver\Src\stm32l0xx_hal_uart.c 0x00000000   Number         0  stm32l0xx_hal_uart.o ABSOLUTE
    ..\Drivers\STM32L0xx_HAL_Driver\Src\stm32l0xx_hal_uart_ex.c 0x00000000   Number         0  stm32l0xx_hal_uart_ex.o ABSOLUTE
    ..\Src\adc.c                             0x00000000   Number         0  adc.o ABSOLUTE
    ..\Src\dma.c                             0x00000000   Number         0  dma.o ABSOLUTE
    ..\Src\gpio.c                            0x00000000   Number         0  gpio.o ABSOLUTE
    ..\Src\main.c                            0x00000000   Number         0  main.o ABSOLUTE
    ..\Src\match_dsp.c                       0x00000000   Number         0  match_dsp.o ABSOLUTE
    ..\Src\stm32l0xx_hal_msp.c               0x00000000   Number         0  stm32l0xx_hal_msp.o ABSOLUTE
    ..\Src\stm32l0xx_it.c                    0x00000000   Number         0  stm32l0xx_it.o ABSOLUTE
    ..\Src\system_stm32l0xx.c                0x00000000   Number         0  system_stm32l0xx.o ABSOLUTE
    ..\Src\tim.c                             0x00000000   Number         0  tim.o ABSOLUTE
    ..\Src\usart.c                           0x00000000   Number         0  usart.o ABSOLUTE
    ..\\Src\\match_dsp.c                     0x00000000   Number         0  match_dsp.o ABSOLUTE
    cfcmple.s                                0x00000000   Number         0  cfcmple.o ABSOLUTE
    cfrcmple.s                               0x00000000   Number         0  cfrcmple.o ABSOLUTE
    dc.s                                     0x00000000   Number         0  dc.o ABSOLUTE
    handlers.s                               0x00000000   Number         0  handlers.o ABSOLUTE
    init.s                                   0x00000000   Number         0  init.o ABSOLUTE
    startup_stm32l011xx.s                    0x00000000   Number         0  startup_stm32l011xx.o ABSOLUTE
    RESET                                    0x08000000   Section      192  startup_stm32l011xx.o(RESET)
    .ARM.Collect$$$$00000000                 0x080000c0   Section        0  entry.o(.ARM.Collect$$$$00000000)
    .ARM.Collect$$$$00000001                 0x080000c0   Section        4  entry2.o(.ARM.Collect$$$$00000001)
    .ARM.Collect$$$$00000004                 0x080000c4   Section        4  entry5.o(.ARM.Collect$$$$00000004)
    .ARM.Collect$$$$00000008                 0x080000c8   Section        0  entry7b.o(.ARM.Collect$$$$00000008)
    .ARM.Collect$$$$0000000A                 0x080000c8   Section        0  entry8b.o(.ARM.Collect$$$$0000000A)
    .ARM.Collect$$$$0000000B                 0x080000c8   Section        8  entry9a.o(.ARM.Collect$$$$0000000B)
    .ARM.Collect$$$$0000000D                 0x080000d0   Section        0  entry10a.o(.ARM.Collect$$$$0000000D)
    .ARM.Collect$$$$0000000F                 0x080000d0   Section        0  entry11a.o(.ARM.Collect$$$$0000000F)
    .ARM.Collect$$$$00002712                 0x080000d0   Section        4  entry2.o(.ARM.Collect$$$$00002712)
    __lit__00000000                          0x080000d0   Data           4  entry2.o(.ARM.Collect$$$$00002712)
    .text                                    0x080000d4   Section       88  startup_stm32l011xx.o(.text)
    .text                                    0x0800012c   Section        0  uidiv.o(.text)
    .text                                    0x08000158   Section        0  memcpya.o(.text)
    .text                                    0x0800017c   Section        0  memseta.o(.text)
    .text                                    0x080001a0   Section        0  fadd.o(.text)
    .text                                    0x08000252   Section        0  fmul.o(.text)
    .text                                    0x080002cc   Section        0  fdiv.o(.text)
    .text                                    0x08000348   Section        0  dadd.o(.text)
    .text                                    0x080004ac   Section        0  ddiv.o(.text)
    .text                                    0x0800059c   Section        0  dscalb.o(.text)
    .text                                    0x080005c8   Section        0  ffltui.o(.text)
    .text                                    0x080005d8   Section        0  dfltui.o(.text)
    .text                                    0x080005f4   Section        0  dfltul.o(.text)
    .text                                    0x08000610   Section        0  dfixui.o(.text)
    .text                                    0x0800064c   Section       20  cfcmple.o(.text)
    .text                                    0x08000660   Section       20  cfrcmple.o(.text)
    .text                                    0x08000674   Section        0  llshl.o(.text)
    .text                                    0x08000694   Section        0  llushr.o(.text)
    .text                                    0x080006b6   Section        0  llsshr.o(.text)
    .text                                    0x080006dc   Section        0  iusefp.o(.text)
    .text                                    0x080006dc   Section        0  fepilogue.o(.text)
    .text                                    0x0800075e   Section        0  depilogue.o(.text)
    .text                                    0x0800081c   Section       36  init.o(.text)
    i.ADC1_COMP_IRQHandler                   0x08000840   Section        0  stm32l0xx_it.o(i.ADC1_COMP_IRQHandler)
    i.ADC_DMAConvCplt                        0x08000850   Section        0  stm32l0xx_hal_adc.o(i.ADC_DMAConvCplt)
    ADC_DMAConvCplt                          0x08000851   Thumb Code   108  stm32l0xx_hal_adc.o(i.ADC_DMAConvCplt)
    i.ADC_DMAError                           0x080008bc   Section        0  stm32l0xx_hal_adc.o(i.ADC_DMAError)
    ADC_DMAError                             0x080008bd   Thumb Code    26  stm32l0xx_hal_adc.o(i.ADC_DMAError)
    i.ADC_DMAHalfConvCplt                    0x080008d6   Section        0  stm32l0xx_hal_adc.o(i.ADC_DMAHalfConvCplt)
    ADC_DMAHalfConvCplt                      0x080008d7   Thumb Code    10  stm32l0xx_hal_adc.o(i.ADC_DMAHalfConvCplt)
    i.ADC_DelayMicroSecond                   0x080008e0   Section        0  stm32l0xx_hal_adc.o(i.ADC_DelayMicroSecond)
    ADC_DelayMicroSecond                     0x080008e1   Thumb Code    28  stm32l0xx_hal_adc.o(i.ADC_DelayMicroSecond)
    i.ADC_Enable                             0x08000904   Section        0  stm32l0xx_hal_adc.o(i.ADC_Enable)
    ADC_Enable                               0x08000905   Thumb Code    96  stm32l0xx_hal_adc.o(i.ADC_Enable)
    i.DMA1_Channel1_IRQHandler               0x08000968   Section        0  stm32l0xx_it.o(i.DMA1_Channel1_IRQHandler)
    i.DMA1_Channel2_3_IRQHandler             0x08000978   Section        0  stm32l0xx_it.o(i.DMA1_Channel2_3_IRQHandler)
    i.DMA1_Channel4_5_6_7_IRQHandler         0x08000990   Section        0  stm32l0xx_it.o(i.DMA1_Channel4_5_6_7_IRQHandler)
    i.DMA_SetConfig                          0x080009a0   Section        0  stm32l0xx_hal_dma.o(i.DMA_SetConfig)
    DMA_SetConfig                            0x080009a1   Thumb Code    30  stm32l0xx_hal_dma.o(i.DMA_SetConfig)
    i.DefaultSettings                        0x080009c0   Section        0  match_dsp.o(i.DefaultSettings)
    i.EXTI0_1_IRQHandler                     0x08000a88   Section        0  stm32l0xx_it.o(i.EXTI0_1_IRQHandler)
    i.FLASH_SetErrorCode                     0x08000a94   Section        0  stm32l0xx_hal_flash.o(i.FLASH_SetErrorCode)
    FLASH_SetErrorCode                       0x08000a95   Thumb Code   108  stm32l0xx_hal_flash.o(i.FLASH_SetErrorCode)
    i.FLASH_WaitForLastOperation             0x08000b0c   Section        0  stm32l0xx_hal_flash.o(i.FLASH_WaitForLastOperation)
    i.HAL_ADCEx_Calibration_Start            0x08000b8c   Section        0  stm32l0xx_hal_adc_ex.o(i.HAL_ADCEx_Calibration_Start)
    i.HAL_ADC_ConfigChannel                  0x08000c1c   Section        0  stm32l0xx_hal_adc.o(i.HAL_ADC_ConfigChannel)
    i.HAL_ADC_ConvCpltCallback               0x08000cb0   Section        0  stm32l0xx_hal_adc.o(i.HAL_ADC_ConvCpltCallback)
    i.HAL_ADC_ConvHalfCpltCallback           0x08000cb2   Section        0  stm32l0xx_hal_adc.o(i.HAL_ADC_ConvHalfCpltCallback)
    i.HAL_ADC_ErrorCallback                  0x08000cb4   Section        0  stm32l0xx_hal_adc.o(i.HAL_ADC_ErrorCallback)
    i.HAL_ADC_IRQHandler                     0x08000cb6   Section        0  stm32l0xx_hal_adc.o(i.HAL_ADC_IRQHandler)
    i.HAL_ADC_Init                           0x08000d88   Section        0  stm32l0xx_hal_adc.o(i.HAL_ADC_Init)
    i.HAL_ADC_LevelOutOfWindowCallback       0x08000f4c   Section        0  stm32l0xx_hal_adc.o(i.HAL_ADC_LevelOutOfWindowCallback)
    i.HAL_ADC_MspInit                        0x08000f50   Section        0  adc.o(i.HAL_ADC_MspInit)
    i.HAL_ADC_Start_DMA                      0x08000fe4   Section        0  stm32l0xx_hal_adc.o(i.HAL_ADC_Start_DMA)
    i.HAL_DMA_IRQHandler                     0x08001084   Section        0  stm32l0xx_hal_dma.o(i.HAL_DMA_IRQHandler)
    i.HAL_DMA_Init                           0x08001258   Section        0  stm32l0xx_hal_dma.o(i.HAL_DMA_Init)
    i.HAL_DMA_Start_IT                       0x08001330   Section        0  stm32l0xx_hal_dma.o(i.HAL_DMA_Start_IT)
    i.HAL_FLASHEx_DATAEEPROM_Erase           0x08001380   Section        0  stm32l0xx_hal_flash_ex.o(i.HAL_FLASHEx_DATAEEPROM_Erase)
    i.HAL_FLASHEx_DATAEEPROM_Lock            0x080013a8   Section        0  stm32l0xx_hal_flash_ex.o(i.HAL_FLASHEx_DATAEEPROM_Lock)
    i.HAL_FLASHEx_DATAEEPROM_Program         0x080013bc   Section        0  stm32l0xx_hal_flash_ex.o(i.HAL_FLASHEx_DATAEEPROM_Program)
    i.HAL_FLASHEx_DATAEEPROM_Unlock          0x08001410   Section        0  stm32l0xx_hal_flash_ex.o(i.HAL_FLASHEx_DATAEEPROM_Unlock)
    i.HAL_GPIO_EXTI_Callback                 0x08001434   Section        0  match_dsp.o(i.HAL_GPIO_EXTI_Callback)
    i.HAL_GPIO_EXTI_IRQHandler               0x080014a4   Section        0  stm32l0xx_hal_gpio.o(i.HAL_GPIO_EXTI_IRQHandler)
    i.HAL_GPIO_Init                          0x080014bc   Section        0  stm32l0xx_hal_gpio.o(i.HAL_GPIO_Init)
    i.HAL_GPIO_WritePin                      0x08001618   Section        0  stm32l0xx_hal_gpio.o(i.HAL_GPIO_WritePin)
    i.HAL_GetTick                            0x08001624   Section        0  stm32l0xx_hal.o(i.HAL_GetTick)
    i.HAL_IncTick                            0x08001630   Section        0  stm32l0xx_hal.o(i.HAL_IncTick)
    i.HAL_Init                               0x08001640   Section        0  stm32l0xx_hal.o(i.HAL_Init)
    i.HAL_InitTick                           0x08001660   Section        0  stm32l0xx_hal.o(i.HAL_InitTick)
    i.HAL_MspInit                            0x08001688   Section        0  stm32l0xx_hal_msp.o(i.HAL_MspInit)
    i.HAL_NVIC_EnableIRQ                     0x080016c0   Section        0  stm32l0xx_hal_cortex.o(i.HAL_NVIC_EnableIRQ)
    i.HAL_NVIC_SetPriority                   0x080016d4   Section        0  stm32l0xx_hal_cortex.o(i.HAL_NVIC_SetPriority)
    i.HAL_RCCEx_PeriphCLKConfig              0x080016dc   Section        0  stm32l0xx_hal_rcc_ex.o(i.HAL_RCCEx_PeriphCLKConfig)
    i.HAL_RCC_ClockConfig                    0x08001814   Section        0  stm32l0xx_hal_rcc.o(i.HAL_RCC_ClockConfig)
    i.HAL_RCC_GetHCLKFreq                    0x0800197c   Section        0  stm32l0xx_hal_rcc.o(i.HAL_RCC_GetHCLKFreq)
    i.HAL_RCC_GetPCLK1Freq                   0x08001988   Section        0  stm32l0xx_hal_rcc.o(i.HAL_RCC_GetPCLK1Freq)
    i.HAL_RCC_GetPCLK2Freq                   0x080019a8   Section        0  stm32l0xx_hal_rcc.o(i.HAL_RCC_GetPCLK2Freq)
    i.HAL_RCC_GetSysClockFreq                0x080019c8   Section        0  stm32l0xx_hal_rcc.o(i.HAL_RCC_GetSysClockFreq)
    i.HAL_RCC_OscConfig                      0x08001a4c   Section        0  stm32l0xx_hal_rcc.o(i.HAL_RCC_OscConfig)
    i.HAL_SYSTICK_CLKSourceConfig            0x08001e20   Section        0  stm32l0xx_hal_cortex.o(i.HAL_SYSTICK_CLKSourceConfig)
    i.HAL_SYSTICK_Callback                   0x08001e38   Section        0  stm32l0xx_hal_cortex.o(i.HAL_SYSTICK_Callback)
    i.HAL_SYSTICK_Config                     0x08001e3c   Section        0  stm32l0xx_hal_cortex.o(i.HAL_SYSTICK_Config)
    i.HAL_SYSTICK_IRQHandler                 0x08001e6c   Section        0  stm32l0xx_hal_cortex.o(i.HAL_SYSTICK_IRQHandler)
    i.HAL_TIMEx_MasterConfigSynchronization  0x08001e74   Section        0  stm32l0xx_hal_tim_ex.o(i.HAL_TIMEx_MasterConfigSynchronization)
    i.HAL_TIM_Base_Init                      0x08001ebc   Section        0  stm32l0xx_hal_tim.o(i.HAL_TIM_Base_Init)
    i.HAL_TIM_Base_MspInit                   0x08001ef0   Section        0  tim.o(i.HAL_TIM_Base_MspInit)
    i.HAL_TIM_Base_Start_IT                  0x08001f90   Section        0  stm32l0xx_hal_tim.o(i.HAL_TIM_Base_Start_IT)
    i.HAL_TIM_Base_Stop_IT                   0x08001fa8   Section        0  stm32l0xx_hal_tim.o(i.HAL_TIM_Base_Stop_IT)
    i.HAL_TIM_ConfigClockSource              0x08001fcc   Section        0  stm32l0xx_hal_tim.o(i.HAL_TIM_ConfigClockSource)
    i.HAL_TIM_ErrorCallback                  0x080020ba   Section        0  stm32l0xx_hal_tim.o(i.HAL_TIM_ErrorCallback)
    i.HAL_TIM_IC_CaptureCallback             0x080020bc   Section        0  stm32l0xx_hal_tim.o(i.HAL_TIM_IC_CaptureCallback)
    i.HAL_TIM_IRQHandler                     0x080020be   Section        0  stm32l0xx_hal_tim.o(i.HAL_TIM_IRQHandler)
    i.HAL_TIM_MspPostInit                    0x080021e4   Section        0  tim.o(i.HAL_TIM_MspPostInit)
    i.HAL_TIM_OC_DelayElapsedCallback        0x08002210   Section        0  stm32l0xx_hal_tim.o(i.HAL_TIM_OC_DelayElapsedCallback)
    i.HAL_TIM_PWM_ConfigChannel              0x08002212   Section        0  stm32l0xx_hal_tim.o(i.HAL_TIM_PWM_ConfigChannel)
    i.HAL_TIM_PWM_Init                       0x080022e2   Section        0  stm32l0xx_hal_tim.o(i.HAL_TIM_PWM_Init)
    i.HAL_TIM_PWM_MspInit                    0x08002316   Section        0  stm32l0xx_hal_tim.o(i.HAL_TIM_PWM_MspInit)
    i.HAL_TIM_PWM_PulseFinishedCallback      0x08002318   Section        0  match_dsp.o(i.HAL_TIM_PWM_PulseFinishedCallback)
    i.HAL_TIM_PWM_Start_DMA                  0x08002350   Section        0  stm32l0xx_hal_tim.o(i.HAL_TIM_PWM_Start_DMA)
    i.HAL_TIM_PWM_Stop_DMA                   0x0800242c   Section        0  stm32l0xx_hal_tim.o(i.HAL_TIM_PWM_Stop_DMA)
    i.HAL_TIM_PeriodElapsedCallback          0x08002490   Section        0  match_dsp.o(i.HAL_TIM_PeriodElapsedCallback)
    i.HAL_TIM_TriggerCallback                0x080024c0   Section        0  stm32l0xx_hal_tim.o(i.HAL_TIM_TriggerCallback)
    i.HAL_UARTEx_WakeupCallback              0x080024c2   Section        0  stm32l0xx_hal_uart_ex.o(i.HAL_UARTEx_WakeupCallback)
    i.HAL_UART_ErrorCallback                 0x080024c4   Section        0  stm32l0xx_hal_uart.o(i.HAL_UART_ErrorCallback)
    i.HAL_UART_IRQHandler                    0x080024c6   Section        0  stm32l0xx_hal_uart.o(i.HAL_UART_IRQHandler)
    i.HAL_UART_Init                          0x080025ba   Section        0  stm32l0xx_hal_uart.o(i.HAL_UART_Init)
    i.HAL_UART_MspInit                       0x08002624   Section        0  usart.o(i.HAL_UART_MspInit)
    i.HAL_UART_Receive_IT                    0x080026f4   Section        0  stm32l0xx_hal_uart.o(i.HAL_UART_Receive_IT)
    i.HAL_UART_RxCpltCallback                0x08002790   Section        0  match_dsp.o(i.HAL_UART_RxCpltCallback)
    i.HAL_UART_Transmit_DMA                  0x080028e0   Section        0  stm32l0xx_hal_uart.o(i.HAL_UART_Transmit_DMA)
    i.HAL_UART_TxCpltCallback                0x0800295c   Section        0  stm32l0xx_hal_uart.o(i.HAL_UART_TxCpltCallback)
    i.HAL_UART_TxHalfCpltCallback            0x0800295e   Section        0  stm32l0xx_hal_uart.o(i.HAL_UART_TxHalfCpltCallback)
    i.HardFault_Handler                      0x08002960   Section        0  stm32l0xx_it.o(i.HardFault_Handler)
    i.LoadSetting                            0x08002964   Section        0  match_dsp.o(i.LoadSetting)
    i.MX_ADC_Init                            0x08002974   Section        0  adc.o(i.MX_ADC_Init)
    i.MX_DMA_Init                            0x080029f8   Section        0  dma.o(i.MX_DMA_Init)
    i.MX_GPIO_Init                           0x08002a40   Section        0  gpio.o(i.MX_GPIO_Init)
    i.MX_TIM21_Init                          0x08002ae4   Section        0  tim.o(i.MX_TIM21_Init)
    i.MX_TIM2_Init                           0x08002b60   Section        0  tim.o(i.MX_TIM2_Init)
    i.MX_USART2_UART_Init                    0x08002c14   Section        0  usart.o(i.MX_USART2_UART_Init)
    i.NMI_Handler                            0x08002c60   Section        0  stm32l0xx_it.o(i.NMI_Handler)
    i.NVIC_SetPriority                       0x08002c64   Section        0  stm32l0xx_hal_cortex.o(i.NVIC_SetPriority)
    NVIC_SetPriority                         0x08002c65   Thumb Code    60  stm32l0xx_hal_cortex.o(i.NVIC_SetPriority)
    i.PendSV_Handler                         0x08002ca8   Section        0  stm32l0xx_it.o(i.PendSV_Handler)
    i.SVC_Handler                            0x08002caa   Section        0  stm32l0xx_it.o(i.SVC_Handler)
    i.SaveSetting                            0x08002cac   Section        0  match_dsp.o(i.SaveSetting)
    i.SysTick_Handler                        0x08002cf0   Section        0  stm32l0xx_it.o(i.SysTick_Handler)
    i.SystemClock_Config                     0x08002cfc   Section        0  main.o(i.SystemClock_Config)
    i.SystemInit                             0x08002d8c   Section        0  system_stm32l0xx.o(i.SystemInit)
    i.TIM21_IRQHandler                       0x08002de0   Section        0  stm32l0xx_it.o(i.TIM21_IRQHandler)
    i.TIM2_IRQHandler                        0x080030b8   Section        0  stm32l0xx_it.o(i.TIM2_IRQHandler)
    i.TIM_Base_SetConfig                     0x080030c8   Section        0  stm32l0xx_hal_tim.o(i.TIM_Base_SetConfig)
    TIM_Base_SetConfig                       0x080030c9   Thumb Code    60  stm32l0xx_hal_tim.o(i.TIM_Base_SetConfig)
    i.TIM_CCxChannelCmd                      0x08003108   Section        0  stm32l0xx_hal_tim.o(i.TIM_CCxChannelCmd)
    TIM_CCxChannelCmd                        0x08003109   Thumb Code    22  stm32l0xx_hal_tim.o(i.TIM_CCxChannelCmd)
    i.TIM_DMADelayPulseCplt                  0x0800311e   Section        0  stm32l0xx_hal_tim.o(i.TIM_DMADelayPulseCplt)
    i.TIM_DMAError                           0x0800315c   Section        0  stm32l0xx_hal_tim.o(i.TIM_DMAError)
    i.TIM_ETR_SetConfig                      0x0800316c   Section        0  stm32l0xx_hal_tim.o(i.TIM_ETR_SetConfig)
    TIM_ETR_SetConfig                        0x0800316d   Thumb Code    22  stm32l0xx_hal_tim.o(i.TIM_ETR_SetConfig)
    i.TIM_ITRx_SetConfig                     0x08003182   Section        0  stm32l0xx_hal_tim.o(i.TIM_ITRx_SetConfig)
    TIM_ITRx_SetConfig                       0x08003183   Thumb Code    16  stm32l0xx_hal_tim.o(i.TIM_ITRx_SetConfig)
    i.TIM_OC1_SetConfig                      0x08003192   Section        0  stm32l0xx_hal_tim.o(i.TIM_OC1_SetConfig)
    TIM_OC1_SetConfig                        0x08003193   Thumb Code    48  stm32l0xx_hal_tim.o(i.TIM_OC1_SetConfig)
    i.TIM_OC2_SetConfig                      0x080031c2   Section        0  stm32l0xx_hal_tim.o(i.TIM_OC2_SetConfig)
    TIM_OC2_SetConfig                        0x080031c3   Thumb Code    50  stm32l0xx_hal_tim.o(i.TIM_OC2_SetConfig)
    i.TIM_OC3_SetConfig                      0x080031f4   Section        0  stm32l0xx_hal_tim.o(i.TIM_OC3_SetConfig)
    TIM_OC3_SetConfig                        0x080031f5   Thumb Code    54  stm32l0xx_hal_tim.o(i.TIM_OC3_SetConfig)
    i.TIM_OC4_SetConfig                      0x0800322a   Section        0  stm32l0xx_hal_tim.o(i.TIM_OC4_SetConfig)
    TIM_OC4_SetConfig                        0x0800322b   Thumb Code    54  stm32l0xx_hal_tim.o(i.TIM_OC4_SetConfig)
    i.TIM_TI1_ConfigInputStage               0x08003260   Section        0  stm32l0xx_hal_tim.o(i.TIM_TI1_ConfigInputStage)
    TIM_TI1_ConfigInputStage                 0x08003261   Thumb Code    34  stm32l0xx_hal_tim.o(i.TIM_TI1_ConfigInputStage)
    i.TIM_TI2_ConfigInputStage               0x08003282   Section        0  stm32l0xx_hal_tim.o(i.TIM_TI2_ConfigInputStage)
    TIM_TI2_ConfigInputStage                 0x08003283   Thumb Code    38  stm32l0xx_hal_tim.o(i.TIM_TI2_ConfigInputStage)
    i.UART_AdvFeatureConfig                  0x080032a8   Section        0  stm32l0xx_hal_uart.o(i.UART_AdvFeatureConfig)
    i.UART_CheckIdleState                    0x08003374   Section        0  stm32l0xx_hal_uart.o(i.UART_CheckIdleState)
    i.UART_DMAError                          0x080033cc   Section        0  stm32l0xx_hal_uart.o(i.UART_DMAError)
    UART_DMAError                            0x080033cd   Thumb Code    36  stm32l0xx_hal_uart.o(i.UART_DMAError)
    i.UART_DMATransmitCplt                   0x080033f0   Section        0  stm32l0xx_hal_uart.o(i.UART_DMATransmitCplt)
    UART_DMATransmitCplt                     0x080033f1   Thumb Code    48  stm32l0xx_hal_uart.o(i.UART_DMATransmitCplt)
    i.UART_DMATxHalfCplt                     0x08003420   Section        0  stm32l0xx_hal_uart.o(i.UART_DMATxHalfCplt)
    UART_DMATxHalfCplt                       0x08003421   Thumb Code    10  stm32l0xx_hal_uart.o(i.UART_DMATxHalfCplt)
    i.UART_Receive_IT                        0x0800342a   Section        0  stm32l0xx_hal_uart.o(i.UART_Receive_IT)
    UART_Receive_IT                          0x0800342b   Thumb Code   138  stm32l0xx_hal_uart.o(i.UART_Receive_IT)
    i.UART_SetConfig                         0x080034b4   Section        0  stm32l0xx_hal_uart.o(i.UART_SetConfig)
    i.UART_Transmit_IT                       0x08003730   Section        0  stm32l0xx_hal_uart.o(i.UART_Transmit_IT)
    UART_Transmit_IT                         0x08003731   Thumb Code   102  stm32l0xx_hal_uart.o(i.UART_Transmit_IT)
    i.UART_WaitOnFlagUntilTimeout            0x08003796   Section        0  stm32l0xx_hal_uart.o(i.UART_WaitOnFlagUntilTimeout)
    i.USART2_IRQHandler                      0x08003848   Section        0  stm32l0xx_it.o(i.USART2_IRQHandler)
    i._Error_Handler                         0x08003858   Section        0  main.o(i._Error_Handler)
    i.__ARM_clz                              0x0800385a   Section        0  depilogue.o(i.__ARM_clz)
    i.__ARM_common_switch8                   0x08003888   Section        0  match_dsp.o(i.__ARM_common_switch8)
    i.__scatterload_copy                     0x080038a2   Section       14  handlers.o(i.__scatterload_copy)
    i.__scatterload_null                     0x080038b0   Section        2  handlers.o(i.__scatterload_null)
    i.__scatterload_zeroinit                 0x080038b2   Section       14  handlers.o(i.__scatterload_zeroinit)
    i.blink                                  0x080038c0   Section        0  match_dsp.o(i.blink)
    i.crc_calculating                        0x0800398c   Section        0  match_dsp.o(i.crc_calculating)
    i.iir_test                               0x080039bc   Section        0  match_dsp.o(i.iir_test)
    i.main                                   0x08003a24   Section        0  main.o(i.main)
    .constdata                               0x08003ac4   Section      864  match_dsp.o(.constdata)
    auchCRCHi                                0x08003ac4   Data         256  match_dsp.o(.constdata)
    auchCRCLo                                0x08003bc4   Data         256  match_dsp.o(.constdata)
    .constdata                               0x08003e24   Section       25  system_stm32l0xx.o(.constdata)
    .constdata                               0x08003e3d   Section        8  system_stm32l0xx.o(.constdata)
    .data                                    0x20000000   Section        4  main.o(.data)
    .data                                    0x20000004   Section       64  stm32l0xx_it.o(.data)
    numbit                                   0x20000004   Data           1  stm32l0xx_it.o(.data)
    nop                                      0x20000007   Data           1  stm32l0xx_it.o(.data)
    bin8                                     0x20000012   Data           2  stm32l0xx_it.o(.data)
    j                                        0x20000014   Data           2  stm32l0xx_it.o(.data)
    crc                                      0x20000016   Data           2  stm32l0xx_it.o(.data)
    bin                                      0x20000018   Data           2  stm32l0xx_it.o(.data)
    retf11                                   0x20000020   Data           4  stm32l0xx_it.o(.data)
    retf12                                   0x20000024   Data           4  stm32l0xx_it.o(.data)
    retf21                                   0x20000028   Data           4  stm32l0xx_it.o(.data)
    retf22                                   0x2000002c   Data           4  stm32l0xx_it.o(.data)
    retfl                                    0x20000030   Data           4  stm32l0xx_it.o(.data)
    buff0                                    0x20000034   Data           4  stm32l0xx_it.o(.data)
    buffl0                                   0x20000038   Data           4  stm32l0xx_it.o(.data)
    .data                                    0x20000044   Section        8  match_dsp.o(.data)
    .data                                    0x2000004c   Section        8  match_dsp.o(.data)
    .data                                    0x20000054   Section        8  match_dsp.o(.data)
    .data                                    0x2000005c   Section        8  match_dsp.o(.data)
    .data                                    0x20000064   Section        8  match_dsp.o(.data)
    .data                                    0x2000006c   Section        6  match_dsp.o(.data)
    .data                                    0x20000074   Section        4  stm32l0xx_hal.o(.data)
    .data                                    0x20000078   Section        4  system_stm32l0xx.o(.data)
    .bss                                     0x2000007c   Section      172  tim.o(.bss)
    .bss                                     0x20000128   Section      156  adc.o(.bss)
    .bss                                     0x200001c4   Section      232  usart.o(.bss)
    .bss                                     0x200002ac   Section       16  stm32l0xx_it.o(.bss)
    .bss                                     0x200002bc   Section      116  match_dsp.o(.bss)
    .bss                                     0x20000330   Section       24  stm32l0xx_hal_flash.o(.bss)
    STACK                                    0x20000348   Section     1024  startup_stm32l011xx.o(STACK)

    Global Symbols

    Symbol Name                              Value     Ov Type        Size  Object(Section)

    BuildAttributes$$THM_ISAv3M$S$PE$A:L22$X:L11$S22$IEEE1$IW$USESV6$~STKCKD$USESV7$~SHL$OTIME$ROPI$EBA8$MICROLIB$REQ8$PRES8$EABIv2 0x00000000   Number         0  anon$$obj.o ABSOLUTE
    __ARM_use_no_argv                        0x00000000   Number         0  main.o ABSOLUTE
    __cpp_initialize__aeabi_                  - Undefined Weak Reference
    __cxa_finalize                            - Undefined Weak Reference
    __decompress                              - Undefined Weak Reference
    _clock_init                               - Undefined Weak Reference
    _microlib_exit                            - Undefined Weak Reference
    __Vectors_Size                           0x000000c0   Number         0  startup_stm32l011xx.o ABSOLUTE
    __Vectors                                0x08000000   Data           4  startup_stm32l011xx.o(RESET)
    __Vectors_End                            0x080000c0   Data           0  startup_stm32l011xx.o(RESET)
    __main                                   0x080000c1   Thumb Code     0  entry.o(.ARM.Collect$$$$00000000)
    _main_stk                                0x080000c1   Thumb Code     0  entry2.o(.ARM.Collect$$$$00000001)
    _main_scatterload                        0x080000c5   Thumb Code     0  entry5.o(.ARM.Collect$$$$00000004)
    __main_after_scatterload                 0x080000c9   Thumb Code     0  entry5.o(.ARM.Collect$$$$00000004)
    _main_clock                              0x080000c9   Thumb Code     0  entry7b.o(.ARM.Collect$$$$00000008)
    _main_cpp_init                           0x080000c9   Thumb Code     0  entry8b.o(.ARM.Collect$$$$0000000A)
    _main_init                               0x080000c9   Thumb Code     0  entry9a.o(.ARM.Collect$$$$0000000B)
    __rt_final_cpp                           0x080000d1   Thumb Code     0  entry10a.o(.ARM.Collect$$$$0000000D)
    __rt_final_exit                          0x080000d1   Thumb Code     0  entry11a.o(.ARM.Collect$$$$0000000F)
    Reset_Handler                            0x080000d5   Thumb Code    38  startup_stm32l011xx.o(.text)
    EXTI2_3_IRQHandler                       0x08000105   Thumb Code     0  startup_stm32l011xx.o(.text)
    EXTI4_15_IRQHandler                      0x08000105   Thumb Code     0  startup_stm32l011xx.o(.text)
    FLASH_IRQHandler                         0x08000105   Thumb Code     0  startup_stm32l011xx.o(.text)
    I2C1_IRQHandler                          0x08000105   Thumb Code     0  startup_stm32l011xx.o(.text)
    LPTIM1_IRQHandler                        0x08000105   Thumb Code     0  startup_stm32l011xx.o(.text)
    LPUART1_IRQHandler                       0x08000105   Thumb Code     0  startup_stm32l011xx.o(.text)
    PVD_IRQHandler                           0x08000105   Thumb Code     0  startup_stm32l011xx.o(.text)
    RCC_IRQHandler                           0x08000105   Thumb Code     0  startup_stm32l011xx.o(.text)
    RTC_IRQHandler                           0x08000105   Thumb Code     0  startup_stm32l011xx.o(.text)
    SPI1_IRQHandler                          0x08000105   Thumb Code     0  startup_stm32l011xx.o(.text)
    WWDG_IRQHandler                          0x08000105   Thumb Code     0  startup_stm32l011xx.o(.text)
    __aeabi_uidiv                            0x0800012d   Thumb Code     0  uidiv.o(.text)
    __aeabi_uidivmod                         0x0800012d   Thumb Code    44  uidiv.o(.text)
    __aeabi_memcpy                           0x08000159   Thumb Code    36  memcpya.o(.text)
    __aeabi_memcpy4                          0x08000159   Thumb Code     0  memcpya.o(.text)
    __aeabi_memcpy8                          0x08000159   Thumb Code     0  memcpya.o(.text)
    __aeabi_memset                           0x0800017d   Thumb Code    14  memseta.o(.text)
    __aeabi_memset4                          0x0800017d   Thumb Code     0  memseta.o(.text)
    __aeabi_memset8                          0x0800017d   Thumb Code     0  memseta.o(.text)
    __aeabi_memclr                           0x0800018b   Thumb Code     4  memseta.o(.text)
    __aeabi_memclr4                          0x0800018b   Thumb Code     0  memseta.o(.text)
    __aeabi_memclr8                          0x0800018b   Thumb Code     0  memseta.o(.text)
    _memset$wrapper                          0x0800018f   Thumb Code    18  memseta.o(.text)
    __aeabi_fadd                             0x080001a1   Thumb Code   162  fadd.o(.text)
    __aeabi_fsub                             0x08000243   Thumb Code     8  fadd.o(.text)
    __aeabi_frsub                            0x0800024b   Thumb Code     8  fadd.o(.text)
    __aeabi_fmul                             0x08000253   Thumb Code   122  fmul.o(.text)
    __aeabi_fdiv                             0x080002cd   Thumb Code   124  fdiv.o(.text)
    __aeabi_dadd                             0x08000349   Thumb Code   328  dadd.o(.text)
    __aeabi_dsub                             0x08000491   Thumb Code    12  dadd.o(.text)
    __aeabi_drsub                            0x0800049d   Thumb Code    12  dadd.o(.text)
    __aeabi_ddiv                             0x080004ad   Thumb Code   234  ddiv.o(.text)
    __ARM_scalbn                             0x0800059d   Thumb Code    44  dscalb.o(.text)
    scalbn                                   0x0800059d   Thumb Code     0  dscalb.o(.text)
    __aeabi_ui2f                             0x080005c9   Thumb Code    14  ffltui.o(.text)
    __aeabi_ui2d                             0x080005d9   Thumb Code    24  dfltui.o(.text)
    __aeabi_ul2d                             0x080005f5   Thumb Code    22  dfltul.o(.text)
    __aeabi_d2uiz                            0x08000611   Thumb Code    50  dfixui.o(.text)
    __aeabi_cfcmpeq                          0x0800064d   Thumb Code     0  cfcmple.o(.text)
    __aeabi_cfcmple                          0x0800064d   Thumb Code    20  cfcmple.o(.text)
    __aeabi_cfrcmple                         0x08000661   Thumb Code    20  cfrcmple.o(.text)
    __aeabi_llsl                             0x08000675   Thumb Code    32  llshl.o(.text)
    _ll_shift_l                              0x08000675   Thumb Code     0  llshl.o(.text)
    __aeabi_llsr                             0x08000695   Thumb Code    34  llushr.o(.text)
    _ll_ushift_r                             0x08000695   Thumb Code     0  llushr.o(.text)
    __aeabi_lasr                             0x080006b7   Thumb Code    38  llsshr.o(.text)
    _ll_sshift_r                             0x080006b7   Thumb Code     0  llsshr.o(.text)
    __I$use$fp                               0x080006dd   Thumb Code     0  iusefp.o(.text)
    _float_round                             0x080006dd   Thumb Code    16  fepilogue.o(.text)
    _float_epilogue                          0x080006ed   Thumb Code   114  fepilogue.o(.text)
    _double_round                            0x0800075f   Thumb Code    26  depilogue.o(.text)
    _double_epilogue                         0x08000779   Thumb Code   164  depilogue.o(.text)
    __scatterload                            0x0800081d   Thumb Code    28  init.o(.text)
    __scatterload_rt2                        0x0800081d   Thumb Code     0  init.o(.text)
    ADC1_COMP_IRQHandler                     0x08000841   Thumb Code    10  stm32l0xx_it.o(i.ADC1_COMP_IRQHandler)
    DMA1_Channel1_IRQHandler                 0x08000969   Thumb Code    10  stm32l0xx_it.o(i.DMA1_Channel1_IRQHandler)
    DMA1_Channel2_3_IRQHandler               0x08000979   Thumb Code    16  stm32l0xx_it.o(i.DMA1_Channel2_3_IRQHandler)
    DMA1_Channel4_5_6_7_IRQHandler           0x08000991   Thumb Code    10  stm32l0xx_it.o(i.DMA1_Channel4_5_6_7_IRQHandler)
    DefaultSettings                          0x080009c1   Thumb Code   128  match_dsp.o(i.DefaultSettings)
    EXTI0_1_IRQHandler                       0x08000a89   Thumb Code    10  stm32l0xx_it.o(i.EXTI0_1_IRQHandler)
    FLASH_WaitForLastOperation               0x08000b0d   Thumb Code   122  stm32l0xx_hal_flash.o(i.FLASH_WaitForLastOperation)
    HAL_ADCEx_Calibration_Start              0x08000b8d   Thumb Code   142  stm32l0xx_hal_adc_ex.o(i.HAL_ADCEx_Calibration_Start)
    HAL_ADC_ConfigChannel                    0x08000c1d   Thumb Code   140  stm32l0xx_hal_adc.o(i.HAL_ADC_ConfigChannel)
    HAL_ADC_ConvCpltCallback                 0x08000cb1   Thumb Code     2  stm32l0xx_hal_adc.o(i.HAL_ADC_ConvCpltCallback)
    HAL_ADC_ConvHalfCpltCallback             0x08000cb3   Thumb Code     2  stm32l0xx_hal_adc.o(i.HAL_ADC_ConvHalfCpltCallback)
    HAL_ADC_ErrorCallback                    0x08000cb5   Thumb Code     2  stm32l0xx_hal_adc.o(i.HAL_ADC_ErrorCallback)
    HAL_ADC_IRQHandler                       0x08000cb7   Thumb Code   208  stm32l0xx_hal_adc.o(i.HAL_ADC_IRQHandler)
    HAL_ADC_Init                             0x08000d89   Thumb Code   440  stm32l0xx_hal_adc.o(i.HAL_ADC_Init)
    HAL_ADC_LevelOutOfWindowCallback         0x08000f4d   Thumb Code     2  stm32l0xx_hal_adc.o(i.HAL_ADC_LevelOutOfWindowCallback)
    HAL_ADC_MspInit                          0x08000f51   Thumb Code   116  adc.o(i.HAL_ADC_MspInit)
    HAL_ADC_Start_DMA                        0x08000fe5   Thumb Code   144  stm32l0xx_hal_adc.o(i.HAL_ADC_Start_DMA)
    HAL_DMA_IRQHandler                       0x08001085   Thumb Code   464  stm32l0xx_hal_dma.o(i.HAL_DMA_IRQHandler)
    HAL_DMA_Init                             0x08001259   Thumb Code   206  stm32l0xx_hal_dma.o(i.HAL_DMA_Init)
    HAL_DMA_Start_IT                         0x08001331   Thumb Code    78  stm32l0xx_hal_dma.o(i.HAL_DMA_Start_IT)
    HAL_FLASHEx_DATAEEPROM_Erase             0x08001381   Thumb Code    30  stm32l0xx_hal_flash_ex.o(i.HAL_FLASHEx_DATAEEPROM_Erase)
    HAL_FLASHEx_DATAEEPROM_Lock              0x080013a9   Thumb Code    14  stm32l0xx_hal_flash_ex.o(i.HAL_FLASHEx_DATAEEPROM_Lock)
    HAL_FLASHEx_DATAEEPROM_Program           0x080013bd   Thumb Code    76  stm32l0xx_hal_flash_ex.o(i.HAL_FLASHEx_DATAEEPROM_Program)
    HAL_FLASHEx_DATAEEPROM_Unlock            0x08001411   Thumb Code    24  stm32l0xx_hal_flash_ex.o(i.HAL_FLASHEx_DATAEEPROM_Unlock)
    HAL_GPIO_EXTI_Callback                   0x08001435   Thumb Code    98  match_dsp.o(i.HAL_GPIO_EXTI_Callback)
    HAL_GPIO_EXTI_IRQHandler                 0x080014a5   Thumb Code    18  stm32l0xx_hal_gpio.o(i.HAL_GPIO_EXTI_IRQHandler)
    HAL_GPIO_Init                            0x080014bd   Thumb Code   326  stm32l0xx_hal_gpio.o(i.HAL_GPIO_Init)
    HAL_GPIO_WritePin                        0x08001619   Thumb Code    12  stm32l0xx_hal_gpio.o(i.HAL_GPIO_WritePin)
    HAL_GetTick                              0x08001625   Thumb Code     6  stm32l0xx_hal.o(i.HAL_GetTick)
    HAL_IncTick                              0x08001631   Thumb Code    10  stm32l0xx_hal.o(i.HAL_IncTick)
    HAL_Init                                 0x08001641   Thumb Code    26  stm32l0xx_hal.o(i.HAL_Init)
    HAL_InitTick                             0x08001661   Thumb Code    34  stm32l0xx_hal.o(i.HAL_InitTick)
    HAL_MspInit                              0x08001689   Thumb Code    52  stm32l0xx_hal_msp.o(i.HAL_MspInit)
    HAL_NVIC_EnableIRQ                       0x080016c1   Thumb Code    14  stm32l0xx_hal_cortex.o(i.HAL_NVIC_EnableIRQ)
    HAL_NVIC_SetPriority                     0x080016d5   Thumb Code     8  stm32l0xx_hal_cortex.o(i.HAL_NVIC_SetPriority)
    HAL_RCCEx_PeriphCLKConfig                0x080016dd   Thumb Code   300  stm32l0xx_hal_rcc_ex.o(i.HAL_RCCEx_PeriphCLKConfig)
    HAL_RCC_ClockConfig                      0x08001815   Thumb Code   340  stm32l0xx_hal_rcc.o(i.HAL_RCC_ClockConfig)
    HAL_RCC_GetHCLKFreq                      0x0800197d   Thumb Code     6  stm32l0xx_hal_rcc.o(i.HAL_RCC_GetHCLKFreq)
    HAL_RCC_GetPCLK1Freq                     0x08001989   Thumb Code    20  stm32l0xx_hal_rcc.o(i.HAL_RCC_GetPCLK1Freq)
    HAL_RCC_GetPCLK2Freq                     0x080019a9   Thumb Code    20  stm32l0xx_hal_rcc.o(i.HAL_RCC_GetPCLK2Freq)
    HAL_RCC_GetSysClockFreq                  0x080019c9   Thumb Code   108  stm32l0xx_hal_rcc.o(i.HAL_RCC_GetSysClockFreq)
    HAL_RCC_OscConfig                        0x08001a4d   Thumb Code   950  stm32l0xx_hal_rcc.o(i.HAL_RCC_OscConfig)
    HAL_SYSTICK_CLKSourceConfig              0x08001e21   Thumb Code    20  stm32l0xx_hal_cortex.o(i.HAL_SYSTICK_CLKSourceConfig)
    HAL_SYSTICK_Callback                     0x08001e39   Thumb Code     2  stm32l0xx_hal_cortex.o(i.HAL_SYSTICK_Callback)
    HAL_SYSTICK_Config                       0x08001e3d   Thumb Code    38  stm32l0xx_hal_cortex.o(i.HAL_SYSTICK_Config)
    HAL_SYSTICK_IRQHandler                   0x08001e6d   Thumb Code     8  stm32l0xx_hal_cortex.o(i.HAL_SYSTICK_IRQHandler)
    HAL_TIMEx_MasterConfigSynchronization    0x08001e75   Thumb Code    72  stm32l0xx_hal_tim_ex.o(i.HAL_TIMEx_MasterConfigSynchronization)
    HAL_TIM_Base_Init                        0x08001ebd   Thumb Code    52  stm32l0xx_hal_tim.o(i.HAL_TIM_Base_Init)
    HAL_TIM_Base_MspInit                     0x08001ef1   Thumb Code   126  tim.o(i.HAL_TIM_Base_MspInit)
    HAL_TIM_Base_Start_IT                    0x08001f91   Thumb Code    22  stm32l0xx_hal_tim.o(i.HAL_TIM_Base_Start_IT)
    HAL_TIM_Base_Stop_IT                     0x08001fa9   Thumb Code    32  stm32l0xx_hal_tim.o(i.HAL_TIM_Base_Stop_IT)
    HAL_TIM_ConfigClockSource                0x08001fcd   Thumb Code   238  stm32l0xx_hal_tim.o(i.HAL_TIM_ConfigClockSource)
    HAL_TIM_ErrorCallback                    0x080020bb   Thumb Code     2  stm32l0xx_hal_tim.o(i.HAL_TIM_ErrorCallback)
    HAL_TIM_IC_CaptureCallback               0x080020bd   Thumb Code     2  stm32l0xx_hal_tim.o(i.HAL_TIM_IC_CaptureCallback)
    HAL_TIM_IRQHandler                       0x080020bf   Thumb Code   294  stm32l0xx_hal_tim.o(i.HAL_TIM_IRQHandler)
    HAL_TIM_MspPostInit                      0x080021e5   Thumb Code    44  tim.o(i.HAL_TIM_MspPostInit)
    HAL_TIM_OC_DelayElapsedCallback          0x08002211   Thumb Code     2  stm32l0xx_hal_tim.o(i.HAL_TIM_OC_DelayElapsedCallback)
    HAL_TIM_PWM_ConfigChannel                0x08002213   Thumb Code   208  stm32l0xx_hal_tim.o(i.HAL_TIM_PWM_ConfigChannel)
    HAL_TIM_PWM_Init                         0x080022e3   Thumb Code    52  stm32l0xx_hal_tim.o(i.HAL_TIM_PWM_Init)
    HAL_TIM_PWM_MspInit                      0x08002317   Thumb Code     2  stm32l0xx_hal_tim.o(i.HAL_TIM_PWM_MspInit)
    HAL_TIM_PWM_PulseFinishedCallback        0x08002319   Thumb Code    44  match_dsp.o(i.HAL_TIM_PWM_PulseFinishedCallback)
    HAL_TIM_PWM_Start_DMA                    0x08002351   Thumb Code   212  stm32l0xx_hal_tim.o(i.HAL_TIM_PWM_Start_DMA)
    HAL_TIM_PWM_Stop_DMA                     0x0800242d   Thumb Code    94  stm32l0xx_hal_tim.o(i.HAL_TIM_PWM_Stop_DMA)
    HAL_TIM_PeriodElapsedCallback            0x08002491   Thumb Code    36  match_dsp.o(i.HAL_TIM_PeriodElapsedCallback)
    HAL_TIM_TriggerCallback                  0x080024c1   Thumb Code     2  stm32l0xx_hal_tim.o(i.HAL_TIM_TriggerCallback)
    HAL_UARTEx_WakeupCallback                0x080024c3   Thumb Code     2  stm32l0xx_hal_uart_ex.o(i.HAL_UARTEx_WakeupCallback)
    HAL_UART_ErrorCallback                   0x080024c5   Thumb Code     2  stm32l0xx_hal_uart.o(i.HAL_UART_ErrorCallback)
    HAL_UART_IRQHandler                      0x080024c7   Thumb Code   244  stm32l0xx_hal_uart.o(i.HAL_UART_IRQHandler)
    HAL_UART_Init                            0x080025bb   Thumb Code   104  stm32l0xx_hal_uart.o(i.HAL_UART_Init)
    HAL_UART_MspInit                         0x08002625   Thumb Code   176  usart.o(i.HAL_UART_MspInit)
    HAL_UART_Receive_IT                      0x080026f5   Thumb Code   152  stm32l0xx_hal_uart.o(i.HAL_UART_Receive_IT)
    HAL_UART_RxCpltCallback                  0x08002791   Thumb Code   316  match_dsp.o(i.HAL_UART_RxCpltCallback)
    HAL_UART_Transmit_DMA                    0x080028e1   Thumb Code   112  stm32l0xx_hal_uart.o(i.HAL_UART_Transmit_DMA)
    HAL_UART_TxCpltCallback                  0x0800295d   Thumb Code     2  stm32l0xx_hal_uart.o(i.HAL_UART_TxCpltCallback)
    HAL_UART_TxHalfCpltCallback              0x0800295f   Thumb Code     2  stm32l0xx_hal_uart.o(i.HAL_UART_TxHalfCpltCallback)
    HardFault_Handler                        0x08002961   Thumb Code     2  stm32l0xx_it.o(i.HardFault_Handler)
    LoadSetting                              0x08002965   Thumb Code    12  match_dsp.o(i.LoadSetting)
    MX_ADC_Init                              0x08002975   Thumb Code   104  adc.o(i.MX_ADC_Init)
    MX_DMA_Init                              0x080029f9   Thumb Code    68  dma.o(i.MX_DMA_Init)
    MX_GPIO_Init                             0x08002a41   Thumb Code   152  gpio.o(i.MX_GPIO_Init)
    MX_TIM21_Init                            0x08002ae5   Thumb Code    94  tim.o(i.MX_TIM21_Init)
    MX_TIM2_Init                             0x08002b61   Thumb Code   156  tim.o(i.MX_TIM2_Init)
    MX_USART2_UART_Init                      0x08002c15   Thumb Code    52  usart.o(i.MX_USART2_UART_Init)
    NMI_Handler                              0x08002c61   Thumb Code     2  stm32l0xx_it.o(i.NMI_Handler)
    PendSV_Handler                           0x08002ca9   Thumb Code     2  stm32l0xx_it.o(i.PendSV_Handler)
    SVC_Handler                              0x08002cab   Thumb Code     2  stm32l0xx_it.o(i.SVC_Handler)
    SaveSetting                              0x08002cad   Thumb Code    64  match_dsp.o(i.SaveSetting)
    SysTick_Handler                          0x08002cf1   Thumb Code    12  stm32l0xx_it.o(i.SysTick_Handler)
    SystemClock_Config                       0x08002cfd   Thumb Code   138  main.o(i.SystemClock_Config)
    SystemInit                               0x08002d8d   Thumb Code    66  system_stm32l0xx.o(i.SystemInit)
    TIM21_IRQHandler                         0x08002de1   Thumb Code   646  stm32l0xx_it.o(i.TIM21_IRQHandler)
    TIM2_IRQHandler                          0x080030b9   Thumb Code    10  stm32l0xx_it.o(i.TIM2_IRQHandler)
    TIM_DMADelayPulseCplt                    0x0800311f   Thumb Code    62  stm32l0xx_hal_tim.o(i.TIM_DMADelayPulseCplt)
    TIM_DMAError                             0x0800315d   Thumb Code    16  stm32l0xx_hal_tim.o(i.TIM_DMAError)
    UART_AdvFeatureConfig                    0x080032a9   Thumb Code   202  stm32l0xx_hal_uart.o(i.UART_AdvFeatureConfig)
    UART_CheckIdleState                      0x08003375   Thumb Code    82  stm32l0xx_hal_uart.o(i.UART_CheckIdleState)
    UART_SetConfig                           0x080034b5   Thumb Code   592  stm32l0xx_hal_uart.o(i.UART_SetConfig)
    UART_WaitOnFlagUntilTimeout              0x08003797   Thumb Code   178  stm32l0xx_hal_uart.o(i.UART_WaitOnFlagUntilTimeout)
    USART2_IRQHandler                        0x08003849   Thumb Code    10  stm32l0xx_it.o(i.USART2_IRQHandler)
    _Error_Handler                           0x08003859   Thumb Code     2  main.o(i._Error_Handler)
    __ARM_clz                                0x0800385b   Thumb Code    46  depilogue.o(i.__ARM_clz)
    __ARM_common_switch8                     0x08003889   Thumb Code    26  match_dsp.o(i.__ARM_common_switch8)
    __scatterload_copy                       0x080038a3   Thumb Code    14  handlers.o(i.__scatterload_copy)
    __scatterload_null                       0x080038b1   Thumb Code     2  handlers.o(i.__scatterload_null)
    __scatterload_zeroinit                   0x080038b3   Thumb Code    14  handlers.o(i.__scatterload_zeroinit)
    blink                                    0x080038c1   Thumb Code   182  match_dsp.o(i.blink)
    crc_calculating                          0x0800398d   Thumb Code    42  match_dsp.o(i.crc_calculating)
    iir_test                                 0x080039bd   Thumb Code   104  match_dsp.o(i.iir_test)
    main                                     0x08003a25   Thumb Code   122  main.o(i.main)
    pdat0                                    0x08003cc4   Data          20  match_dsp.o(.constdata)
    pdat2                                    0x08003cd8   Data          20  match_dsp.o(.constdata)
    pdat                                     0x08003cec   Data         164  match_dsp.o(.constdata)
    pdat1                                    0x08003d90   Data         148  match_dsp.o(.constdata)
    AHBPrescTable                            0x08003e24   Data          16  system_stm32l0xx.o(.constdata)
    PLLMulTable                              0x08003e34   Data           9  system_stm32l0xx.o(.constdata)
    APBPrescTable                            0x08003e3d   Data           8  system_stm32l0xx.o(.constdata)
    Region$$Table$$Base                      0x08003e48   Number         0  anon$$obj.o(Region$$Table)
    Region$$Table$$Limit                     0x08003e68   Number         0  anon$$obj.o(Region$$Table)
    buff1                                    0x20000000   Data           4  main.o(.data)
    blink_8sec                               0x20000005   Data           1  stm32l0xx_it.o(.data)
    det                                      0x20000006   Data           1  stm32l0xx_it.o(.data)
    bit_1                                    0x20000008   Data           2  stm32l0xx_it.o(.data)
    bit_0                                    0x2000000a   Data           2  stm32l0xx_it.o(.data)
    bit_n                                    0x2000000c   Data           2  stm32l0xx_it.o(.data)
    blink_ext                                0x2000000e   Data           2  stm32l0xx_it.o(.data)
    blink_cnt                                0x20000010   Data           2  stm32l0xx_it.o(.data)
    binn                                     0x2000001a   Data           2  stm32l0xx_it.o(.data)
    tst                                      0x2000001c   Data           4  stm32l0xx_it.o(.data)
    max                                      0x2000003c   Data           4  stm32l0xx_it.o(.data)
    min                                      0x20000040   Data           4  stm32l0xx_it.o(.data)
    history11                                0x20000044   Data           8  match_dsp.o(.data)
    history12                                0x2000004c   Data           8  match_dsp.o(.data)
    history21                                0x20000054   Data           8  match_dsp.o(.data)
    history22                                0x2000005c   Data           8  match_dsp.o(.data)
    historyl                                 0x20000064   Data           8  match_dsp.o(.data)
    blink_trg                                0x2000006c   Data           1  match_dsp.o(.data)
    blink_end                                0x2000006d   Data           1  match_dsp.o(.data)
    blink_type                               0x2000006e   Data           1  match_dsp.o(.data)
    UART2_RecvType                           0x2000006f   Data           1  match_dsp.o(.data)
    CMD                                      0x20000070   Data           1  match_dsp.o(.data)
    CMD_Rept                                 0x20000071   Data           1  match_dsp.o(.data)
    uwTick                                   0x20000074   Data           4  stm32l0xx_hal.o(.data)
    SystemCoreClock                          0x20000078   Data           4  system_stm32l0xx.o(.data)
    htim2                                    0x2000007c   Data          56  tim.o(.bss)
    htim21                                   0x200000b4   Data          56  tim.o(.bss)
    hdma_tim2_ch1                            0x200000ec   Data          60  tim.o(.bss)
    hadc                                     0x20000128   Data          96  adc.o(.bss)
    hdma_adc                                 0x20000188   Data          60  adc.o(.bss)
    huart2                                   0x200001c4   Data         112  usart.o(.bss)
    hdma_usart2_tx                           0x20000234   Data          60  usart.o(.bss)
    hdma_usart2_rx                           0x20000270   Data          60  usart.o(.bss)
    numb                                     0x200002ac   Data          16  stm32l0xx_it.o(.bss)
    SETUP                                    0x200002bc   Data         116  match_dsp.o(.bss)
    ProcFlash                                0x20000330   Data          24  stm32l0xx_hal_flash.o(.bss)
    __initial_sp                             0x20000748   Data           0  startup_stm32l011xx.o(STACK)



==============================================================================

Memory Map of the image

  Image Entry point : 0x080000c1

  Load Region LR_IROM1 (Base: 0x08000000, Size: 0x00003ee4, Max: 0x00004000, ABSOLUTE)

    Execution Region ER_IROM1 (Base: 0x08000000, Size: 0x00003e68, Max: 0x00004000, ABSOLUTE)

    Base Addr    Size         Type   Attr      Idx    E Section Name        Object

    0x08000000   0x000000c0   Data   RO          551    RESET               startup_stm32l011xx.o
    0x080000c0   0x00000000   Code   RO         3111  * .ARM.Collect$$$$00000000  mc_p.l(entry.o)
    0x080000c0   0x00000004   Code   RO         3146    .ARM.Collect$$$$00000001  mc_p.l(entry2.o)
    0x080000c4   0x00000004   Code   RO         3149    .ARM.Collect$$$$00000004  mc_p.l(entry5.o)
    0x080000c8   0x00000000   Code   RO         3151    .ARM.Collect$$$$00000008  mc_p.l(entry7b.o)
    0x080000c8   0x00000000   Code   RO         3153    .ARM.Collect$$$$0000000A  mc_p.l(entry8b.o)
    0x080000c8   0x00000008   Code   RO         3154    .ARM.Collect$$$$0000000B  mc_p.l(entry9a.o)
    0x080000d0   0x00000000   Code   RO         3156    .ARM.Collect$$$$0000000D  mc_p.l(entry10a.o)
    0x080000d0   0x00000000   Code   RO         3158    .ARM.Collect$$$$0000000F  mc_p.l(entry11a.o)
    0x080000d0   0x00000004   Code   RO         3147    .ARM.Collect$$$$00002712  mc_p.l(entry2.o)
    0x080000d4   0x00000058   Code   RO          552    .text               startup_stm32l011xx.o
    0x0800012c   0x0000002c   Code   RO         3114    .text               mc_p.l(uidiv.o)
    0x08000158   0x00000024   Code   RO         3116    .text               mc_p.l(memcpya.o)
    0x0800017c   0x00000024   Code   RO         3118    .text               mc_p.l(memseta.o)
    0x080001a0   0x000000b2   Code   RO         3122    .text               mf_p.l(fadd.o)
    0x08000252   0x0000007a   Code   RO         3124    .text               mf_p.l(fmul.o)
    0x080002cc   0x0000007c   Code   RO         3126    .text               mf_p.l(fdiv.o)
    0x08000348   0x00000164   Code   RO         3128    .text               mf_p.l(dadd.o)
    0x080004ac   0x000000f0   Code   RO         3130    .text               mf_p.l(ddiv.o)
    0x0800059c   0x0000002c   Code   RO         3132    .text               mf_p.l(dscalb.o)
    0x080005c8   0x0000000e   Code   RO         3134    .text               mf_p.l(ffltui.o)
    0x080005d6   0x00000002   PAD
    0x080005d8   0x0000001c   Code   RO         3136    .text               mf_p.l(dfltui.o)
    0x080005f4   0x0000001c   Code   RO         3138    .text               mf_p.l(dfltul.o)
    0x08000610   0x0000003c   Code   RO         3140    .text               mf_p.l(dfixui.o)
    0x0800064c   0x00000014   Code   RO         3142    .text               mf_p.l(cfcmple.o)
    0x08000660   0x00000014   Code   RO         3144    .text               mf_p.l(cfrcmple.o)
    0x08000674   0x00000020   Code   RO         3160    .text               mc_p.l(llshl.o)
    0x08000694   0x00000022   Code   RO         3162    .text               mc_p.l(llushr.o)
    0x080006b6   0x00000026   Code   RO         3164    .text               mc_p.l(llsshr.o)
    0x080006dc   0x00000000   Code   RO         3166    .text               mc_p.l(iusefp.o)
    0x080006dc   0x00000082   Code   RO         3167    .text               mf_p.l(fepilogue.o)
    0x0800075e   0x000000be   Code   RO         3169    .text               mf_p.l(depilogue.o)
    0x0800081c   0x00000024   Code   RO         3173    .text               mc_p.l(init.o)
    0x08000840   0x00000010   Code   RO          353    i.ADC1_COMP_IRQHandler  stm32l0xx_it.o
    0x08000850   0x0000006c   Code   RO         2100    i.ADC_DMAConvCplt   stm32l0xx_hal_adc.o
    0x080008bc   0x0000001a   Code   RO         2101    i.ADC_DMAError      stm32l0xx_hal_adc.o
    0x080008d6   0x0000000a   Code   RO         2102    i.ADC_DMAHalfConvCplt  stm32l0xx_hal_adc.o
    0x080008e0   0x00000024   Code   RO         2103    i.ADC_DelayMicroSecond  stm32l0xx_hal_adc.o
    0x08000904   0x00000064   Code   RO         2105    i.ADC_Enable        stm32l0xx_hal_adc.o
    0x08000968   0x00000010   Code   RO          354    i.DMA1_Channel1_IRQHandler  stm32l0xx_it.o
    0x08000978   0x00000018   Code   RO          355    i.DMA1_Channel2_3_IRQHandler  stm32l0xx_it.o
    0x08000990   0x00000010   Code   RO          356    i.DMA1_Channel4_5_6_7_IRQHandler  stm32l0xx_it.o
    0x080009a0   0x0000001e   Code   RO         2280    i.DMA_SetConfig     stm32l0xx_hal_dma.o
    0x080009be   0x00000002   PAD
    0x080009c0   0x000000c8   Code   RO          464    i.DefaultSettings   match_dsp.o
    0x08000a88   0x0000000a   Code   RO          357    i.EXTI0_1_IRQHandler  stm32l0xx_it.o
    0x08000a92   0x00000002   PAD
    0x08000a94   0x00000078   Code   RO         2977    i.FLASH_SetErrorCode  stm32l0xx_hal_flash.o
    0x08000b0c   0x00000080   Code   RO         2978    i.FLASH_WaitForLastOperation  stm32l0xx_hal_flash.o
    0x08000b8c   0x0000008e   Code   RO          937    i.HAL_ADCEx_Calibration_Start  stm32l0xx_hal_adc_ex.o
    0x08000c1a   0x00000002   PAD
    0x08000c1c   0x00000094   Code   RO         2107    i.HAL_ADC_ConfigChannel  stm32l0xx_hal_adc.o
    0x08000cb0   0x00000002   Code   RO         2108    i.HAL_ADC_ConvCpltCallback  stm32l0xx_hal_adc.o
    0x08000cb2   0x00000002   Code   RO         2109    i.HAL_ADC_ConvHalfCpltCallback  stm32l0xx_hal_adc.o
    0x08000cb4   0x00000002   Code   RO         2111    i.HAL_ADC_ErrorCallback  stm32l0xx_hal_adc.o
    0x08000cb6   0x000000d0   Code   RO         2115    i.HAL_ADC_IRQHandler  stm32l0xx_hal_adc.o
    0x08000d86   0x00000002   PAD
    0x08000d88   0x000001c4   Code   RO         2116    i.HAL_ADC_Init      stm32l0xx_hal_adc.o
    0x08000f4c   0x00000002   Code   RO         2117    i.HAL_ADC_LevelOutOfWindowCallback  stm32l0xx_hal_adc.o
    0x08000f4e   0x00000002   PAD
    0x08000f50   0x00000094   Code   RO          278    i.HAL_ADC_MspInit   adc.o
    0x08000fe4   0x000000a0   Code   RO         2123    i.HAL_ADC_Start_DMA  stm32l0xx_hal_adc.o
    0x08001084   0x000001d4   Code   RO         2285    i.HAL_DMA_IRQHandler  stm32l0xx_hal_dma.o
    0x08001258   0x000000d8   Code   RO         2286    i.HAL_DMA_Init      stm32l0xx_hal_dma.o
    0x08001330   0x0000004e   Code   RO         2289    i.HAL_DMA_Start_IT  stm32l0xx_hal_dma.o
    0x0800137e   0x00000002   PAD
    0x08001380   0x00000028   Code   RO         1490    i.HAL_FLASHEx_DATAEEPROM_Erase  stm32l0xx_hal_flash_ex.o
    0x080013a8   0x00000014   Code   RO         1491    i.HAL_FLASHEx_DATAEEPROM_Lock  stm32l0xx_hal_flash_ex.o
    0x080013bc   0x00000054   Code   RO         1492    i.HAL_FLASHEx_DATAEEPROM_Program  stm32l0xx_hal_flash_ex.o
    0x08001410   0x00000024   Code   RO         1493    i.HAL_FLASHEx_DATAEEPROM_Unlock  stm32l0xx_hal_flash_ex.o
    0x08001434   0x00000070   Code   RO          465    i.HAL_GPIO_EXTI_Callback  match_dsp.o
    0x080014a4   0x00000018   Code   RO         1308    i.HAL_GPIO_EXTI_IRQHandler  stm32l0xx_hal_gpio.o
    0x080014bc   0x0000015c   Code   RO         1309    i.HAL_GPIO_Init     stm32l0xx_hal_gpio.o
    0x08001618   0x0000000c   Code   RO         1313    i.HAL_GPIO_WritePin  stm32l0xx_hal_gpio.o
    0x08001624   0x0000000c   Code   RO          731    i.HAL_GetTick       stm32l0xx_hal.o
    0x08001630   0x00000010   Code   RO          732    i.HAL_IncTick       stm32l0xx_hal.o
    0x08001640   0x00000020   Code   RO          733    i.HAL_Init          stm32l0xx_hal.o
    0x08001660   0x00000028   Code   RO          734    i.HAL_InitTick      stm32l0xx_hal.o
    0x08001688   0x00000038   Code   RO          187    i.HAL_MspInit       stm32l0xx_hal_msp.o
    0x080016c0   0x00000014   Code   RO         2007    i.HAL_NVIC_EnableIRQ  stm32l0xx_hal_cortex.o
    0x080016d4   0x00000008   Code   RO         2011    i.HAL_NVIC_SetPriority  stm32l0xx_hal_cortex.o
    0x080016dc   0x00000138   Code   RO          663    i.HAL_RCCEx_PeriphCLKConfig  stm32l0xx_hal_rcc_ex.o
    0x08001814   0x00000168   Code   RO         1905    i.HAL_RCC_ClockConfig  stm32l0xx_hal_rcc.o
    0x0800197c   0x0000000c   Code   RO         1908    i.HAL_RCC_GetHCLKFreq  stm32l0xx_hal_rcc.o
    0x08001988   0x00000020   Code   RO         1910    i.HAL_RCC_GetPCLK1Freq  stm32l0xx_hal_rcc.o
    0x080019a8   0x00000020   Code   RO         1911    i.HAL_RCC_GetPCLK2Freq  stm32l0xx_hal_rcc.o
    0x080019c8   0x00000084   Code   RO         1912    i.HAL_RCC_GetSysClockFreq  stm32l0xx_hal_rcc.o
    0x08001a4c   0x000003d4   Code   RO         1914    i.HAL_RCC_OscConfig  stm32l0xx_hal_rcc.o
    0x08001e20   0x00000018   Code   RO         2013    i.HAL_SYSTICK_CLKSourceConfig  stm32l0xx_hal_cortex.o
    0x08001e38   0x00000002   Code   RO         2014    i.HAL_SYSTICK_Callback  stm32l0xx_hal_cortex.o
    0x08001e3a   0x00000002   PAD
    0x08001e3c   0x00000030   Code   RO         2015    i.HAL_SYSTICK_Config  stm32l0xx_hal_cortex.o
    0x08001e6c   0x00000008   Code   RO         2016    i.HAL_SYSTICK_IRQHandler  stm32l0xx_hal_cortex.o
    0x08001e74   0x00000048   Code   RO         1979    i.HAL_TIMEx_MasterConfigSynchronization  stm32l0xx_hal_tim_ex.o
    0x08001ebc   0x00000034   Code   RO         2355    i.HAL_TIM_Base_Init  stm32l0xx_hal_tim.o
    0x08001ef0   0x000000a0   Code   RO          228    i.HAL_TIM_Base_MspInit  tim.o
    0x08001f90   0x00000016   Code   RO         2360    i.HAL_TIM_Base_Start_IT  stm32l0xx_hal_tim.o
    0x08001fa6   0x00000002   PAD
    0x08001fa8   0x00000024   Code   RO         2363    i.HAL_TIM_Base_Stop_IT  stm32l0xx_hal_tim.o
    0x08001fcc   0x000000ee   Code   RO         2364    i.HAL_TIM_ConfigClockSource  stm32l0xx_hal_tim.o
    0x080020ba   0x00000002   Code   RO         2382    i.HAL_TIM_ErrorCallback  stm32l0xx_hal_tim.o
    0x080020bc   0x00000002   Code   RO         2384    i.HAL_TIM_IC_CaptureCallback  stm32l0xx_hal_tim.o
    0x080020be   0x00000126   Code   RO         2397    i.HAL_TIM_IRQHandler  stm32l0xx_hal_tim.o
    0x080021e4   0x0000002c   Code   RO          229    i.HAL_TIM_MspPostInit  tim.o
    0x08002210   0x00000002   Code   RO         2400    i.HAL_TIM_OC_DelayElapsedCallback  stm32l0xx_hal_tim.o
    0x08002212   0x000000d0   Code   RO         2421    i.HAL_TIM_PWM_ConfigChannel  stm32l0xx_hal_tim.o
    0x080022e2   0x00000034   Code   RO         2424    i.HAL_TIM_PWM_Init  stm32l0xx_hal_tim.o
    0x08002316   0x00000002   Code   RO         2426    i.HAL_TIM_PWM_MspInit  stm32l0xx_hal_tim.o
    0x08002318   0x00000038   Code   RO          466    i.HAL_TIM_PWM_PulseFinishedCallback  match_dsp.o
    0x08002350   0x000000dc   Code   RO         2429    i.HAL_TIM_PWM_Start_DMA  stm32l0xx_hal_tim.o
    0x0800242c   0x00000064   Code   RO         2432    i.HAL_TIM_PWM_Stop_DMA  stm32l0xx_hal_tim.o
    0x08002490   0x00000030   Code   RO          467    i.HAL_TIM_PeriodElapsedCallback  match_dsp.o
    0x080024c0   0x00000002   Code   RO         2438    i.HAL_TIM_TriggerCallback  stm32l0xx_hal_tim.o
    0x080024c2   0x00000002   Code   RO         1251    i.HAL_UARTEx_WakeupCallback  stm32l0xx_hal_uart_ex.o
    0x080024c4   0x00000002   Code   RO         1004    i.HAL_UART_ErrorCallback  stm32l0xx_hal_uart.o
    0x080024c6   0x000000f4   Code   RO         1007    i.HAL_UART_IRQHandler  stm32l0xx_hal_uart.o
    0x080025ba   0x00000068   Code   RO         1008    i.HAL_UART_Init     stm32l0xx_hal_uart.o
    0x08002622   0x00000002   PAD
    0x08002624   0x000000d0   Code   RO          316    i.HAL_UART_MspInit  usart.o
    0x080026f4   0x0000009c   Code   RO         1013    i.HAL_UART_Receive_IT  stm32l0xx_hal_uart.o
    0x08002790   0x00000150   Code   RO          468    i.HAL_UART_RxCpltCallback  match_dsp.o
    0x080028e0   0x0000007c   Code   RO         1017    i.HAL_UART_Transmit_DMA  stm32l0xx_hal_uart.o
    0x0800295c   0x00000002   Code   RO         1019    i.HAL_UART_TxCpltCallback  stm32l0xx_hal_uart.o
    0x0800295e   0x00000002   Code   RO         1020    i.HAL_UART_TxHalfCpltCallback  stm32l0xx_hal_uart.o
    0x08002960   0x00000002   Code   RO          358    i.HardFault_Handler  stm32l0xx_it.o
    0x08002962   0x00000002   PAD
    0x08002964   0x00000010   Code   RO          469    i.LoadSetting       match_dsp.o
    0x08002974   0x00000084   Code   RO          279    i.MX_ADC_Init       adc.o
    0x080029f8   0x00000048   Code   RO          207    i.MX_DMA_Init       dma.o
    0x08002a40   0x000000a4   Code   RO          167    i.MX_GPIO_Init      gpio.o
    0x08002ae4   0x0000007c   Code   RO          230    i.MX_TIM21_Init     tim.o
    0x08002b60   0x000000b4   Code   RO          231    i.MX_TIM2_Init      tim.o
    0x08002c14   0x0000004c   Code   RO          317    i.MX_USART2_UART_Init  usart.o
    0x08002c60   0x00000002   Code   RO          359    i.NMI_Handler       stm32l0xx_it.o
    0x08002c62   0x00000002   PAD
    0x08002c64   0x00000044   Code   RO         2017    i.NVIC_SetPriority  stm32l0xx_hal_cortex.o
    0x08002ca8   0x00000002   Code   RO          360    i.PendSV_Handler    stm32l0xx_it.o
    0x08002caa   0x00000002   Code   RO          361    i.SVC_Handler       stm32l0xx_it.o
    0x08002cac   0x00000044   Code   RO          470    i.SaveSetting       match_dsp.o
    0x08002cf0   0x0000000c   Code   RO          362    i.SysTick_Handler   stm32l0xx_it.o
    0x08002cfc   0x00000090   Code   RO            3    i.SystemClock_Config  main.o
    0x08002d8c   0x00000054   Code   RO         3080    i.SystemInit        system_stm32l0xx.o
    0x08002de0   0x000002d8   Code   RO          363    i.TIM21_IRQHandler  stm32l0xx_it.o
    0x080030b8   0x00000010   Code   RO          364    i.TIM2_IRQHandler   stm32l0xx_it.o
    0x080030c8   0x00000040   Code   RO         2439    i.TIM_Base_SetConfig  stm32l0xx_hal_tim.o
    0x08003108   0x00000016   Code   RO         2440    i.TIM_CCxChannelCmd  stm32l0xx_hal_tim.o
    0x0800311e   0x0000003e   Code   RO         2442    i.TIM_DMADelayPulseCplt  stm32l0xx_hal_tim.o
    0x0800315c   0x00000010   Code   RO         2443    i.TIM_DMAError      stm32l0xx_hal_tim.o
    0x0800316c   0x00000016   Code   RO         2446    i.TIM_ETR_SetConfig  stm32l0xx_hal_tim.o
    0x08003182   0x00000010   Code   RO         2447    i.TIM_ITRx_SetConfig  stm32l0xx_hal_tim.o
    0x08003192   0x00000030   Code   RO         2448    i.TIM_OC1_SetConfig  stm32l0xx_hal_tim.o
    0x080031c2   0x00000032   Code   RO         2449    i.TIM_OC2_SetConfig  stm32l0xx_hal_tim.o
    0x080031f4   0x00000036   Code   RO         2450    i.TIM_OC3_SetConfig  stm32l0xx_hal_tim.o
    0x0800322a   0x00000036   Code   RO         2451    i.TIM_OC4_SetConfig  stm32l0xx_hal_tim.o
    0x08003260   0x00000022   Code   RO         2453    i.TIM_TI1_ConfigInputStage  stm32l0xx_hal_tim.o
    0x08003282   0x00000026   Code   RO         2455    i.TIM_TI2_ConfigInputStage  stm32l0xx_hal_tim.o
    0x080032a8   0x000000ca   Code   RO         1021    i.UART_AdvFeatureConfig  stm32l0xx_hal_uart.o
    0x08003372   0x00000002   PAD
    0x08003374   0x00000058   Code   RO         1022    i.UART_CheckIdleState  stm32l0xx_hal_uart.o
    0x080033cc   0x00000024   Code   RO         1023    i.UART_DMAError     stm32l0xx_hal_uart.o
    0x080033f0   0x00000030   Code   RO         1026    i.UART_DMATransmitCplt  stm32l0xx_hal_uart.o
    0x08003420   0x0000000a   Code   RO         1027    i.UART_DMATxHalfCplt  stm32l0xx_hal_uart.o
    0x0800342a   0x0000008a   Code   RO         1028    i.UART_Receive_IT   stm32l0xx_hal_uart.o
    0x080034b4   0x0000027c   Code   RO         1029    i.UART_SetConfig    stm32l0xx_hal_uart.o
    0x08003730   0x00000066   Code   RO         1030    i.UART_Transmit_IT  stm32l0xx_hal_uart.o
    0x08003796   0x000000b2   Code   RO         1031    i.UART_WaitOnFlagUntilTimeout  stm32l0xx_hal_uart.o
    0x08003848   0x00000010   Code   RO          365    i.USART2_IRQHandler  stm32l0xx_it.o
    0x08003858   0x00000002   Code   RO            4    i._Error_Handler    main.o
    0x0800385a   0x0000002e   Code   RO         3171    i.__ARM_clz         mf_p.l(depilogue.o)
    0x08003888   0x0000001a   Code   RO          543    i.__ARM_common_switch8  match_dsp.o
    0x080038a2   0x0000000e   Code   RO         3177    i.__scatterload_copy  mc_p.l(handlers.o)
    0x080038b0   0x00000002   Code   RO         3178    i.__scatterload_null  mc_p.l(handlers.o)
    0x080038b2   0x0000000e   Code   RO         3179    i.__scatterload_zeroinit  mc_p.l(handlers.o)
    0x080038c0   0x000000cc   Code   RO          471    i.blink             match_dsp.o
    0x0800398c   0x00000030   Code   RO          472    i.crc_calculating   match_dsp.o
    0x080039bc   0x00000068   Code   RO          473    i.iir_test          match_dsp.o
    0x08003a24   0x000000a0   Code   RO            5    i.main              main.o
    0x08003ac4   0x00000360   Data   RO          475    .constdata          match_dsp.o
    0x08003e24   0x00000019   Data   RO         3081    .constdata          system_stm32l0xx.o
    0x08003e3d   0x00000008   Data   RO         3082    .constdata          system_stm32l0xx.o
    0x08003e45   0x00000003   PAD
    0x08003e48   0x00000020   Data   RO         3175    Region$$Table       anon$$obj.o


    Execution Region RW_IRAM1 (Base: 0x20000000, Size: 0x00000748, Max: 0x00000800, ABSOLUTE)

    Base Addr    Size         Type   Attr      Idx    E Section Name        Object

    0x20000000   0x00000004   Data   RW            6    .data               main.o
    0x20000004   0x00000040   Data   RW          369    .data               stm32l0xx_it.o
    0x20000044   0x00000008   Data   RW          476    .data               match_dsp.o
    0x2000004c   0x00000008   Data   RW          477    .data               match_dsp.o
    0x20000054   0x00000008   Data   RW          478    .data               match_dsp.o
    0x2000005c   0x00000008   Data   RW          479    .data               match_dsp.o
    0x20000064   0x00000008   Data   RW          480    .data               match_dsp.o
    0x2000006c   0x00000006   Data   RW          481    .data               match_dsp.o
    0x20000072   0x00000002   PAD
    0x20000074   0x00000004   Data   RW          743    .data               stm32l0xx_hal.o
    0x20000078   0x00000004   Data   RW         3083    .data               system_stm32l0xx.o
    0x2000007c   0x000000ac   Zero   RW          232    .bss                tim.o
    0x20000128   0x0000009c   Zero   RW          280    .bss                adc.o
    0x200001c4   0x000000e8   Zero   RW          318    .bss                usart.o
    0x200002ac   0x00000010   Zero   RW          366    .bss                stm32l0xx_it.o
    0x200002bc   0x00000074   Zero   RW          474    .bss                match_dsp.o
    0x20000330   0x00000018   Zero   RW         2990    .bss                stm32l0xx_hal_flash.o
    0x20000348   0x00000400   Zero   RW          549    STACK               startup_stm32l011xx.o


==============================================================================

Image component sizes


      Code (inc. data)   RO Data    RW Data    ZI Data      Debug   Object Name

       280         60          0          0        156       1700   adc.o
        72          4          0          0          0        762   dma.o
       164         12          0          0          0        903   gpio.o
       306         44          0          4          0     308550   main.o
      1218        194        864         46        116       8181   match_dsp.o
        88         38        192          0       1024        616   startup_stm32l011xx.o
       100         24          0          4          0       3179   stm32l0xx_hal.o
      1256         48          0          0          0       9325   stm32l0xx_hal_adc.o
       142          0          0          0          0       1418   stm32l0xx_hal_adc_ex.o
       178         28          0          0          0      10827   stm32l0xx_hal_cortex.o
       792         14          0          0          0       3735   stm32l0xx_hal_dma.o
       248         18          0          0         24       4301   stm32l0xx_hal_flash.o
       180         36          0          0          0       2814   stm32l0xx_hal_flash_ex.o
       384         28          0          0          0       2995   stm32l0xx_hal_gpio.o
        56          4          0          0          0        478   stm32l0xx_hal_msp.o
      1548        104          0          0          0       6236   stm32l0xx_hal_rcc.o
       312         12          0          0          0       1476   stm32l0xx_hal_rcc_ex.o
      1712         22          0          0          0      18212   stm32l0xx_hal_tim.o
        72          0          0          0          0       1188   stm32l0xx_hal_tim_ex.o
      2072         90          0          0          0      12322   stm32l0xx_hal_uart.o
         2          0          0          0          0       1052   stm32l0xx_hal_uart_ex.o
       862        120          0         64         16       8553   stm32l0xx_it.o
        84         18         33          4          0       1251   system_stm32l0xx.o
       508         88          0          0        172       3041   tim.o
       284         56          0          0        232       1816   usart.o

    ----------------------------------------------------------------------
     12944       1062       1124        124       1740     414931   Object Totals
         0          0         32          0          0          0   (incl. Generated)
        24          0          3          2          0          0   (incl. Padding)

    ----------------------------------------------------------------------

      Code (inc. data)   RO Data    RW Data    ZI Data      Debug   Library Member Name

         0          0          0          0          0          0   entry.o
         0          0          0          0          0          0   entry10a.o
         0          0          0          0          0          0   entry11a.o
         8          4          0          0          0          0   entry2.o
         4          0          0          0          0          0   entry5.o
         0          0          0          0          0          0   entry7b.o
         0          0          0          0          0          0   entry8b.o
         8          4          0          0          0          0   entry9a.o
        30          0          0          0          0          0   handlers.o
        36          8          0          0          0         68   init.o
         0          0          0          0          0          0   iusefp.o
        32          0          0          0          0         68   llshl.o
        38          0          0          0          0         68   llsshr.o
        34          0          0          0          0         68   llushr.o
        36          0          0          0          0         60   memcpya.o
        36          0          0          0          0        100   memseta.o
        44          0          0          0          0         72   uidiv.o
        20          0          0          0          0         68   cfcmple.o
        20          0          0          0          0         68   cfrcmple.o
       356          4          0          0          0        140   dadd.o
       240          6          0          0          0         84   ddiv.o
       236          0          0          0          0        216   depilogue.o
        60         10          0          0          0         68   dfixui.o
        28          4          0          0          0         68   dfltui.o
        28          6          0          0          0         68   dfltul.o
        44          0          0          0          0         72   dscalb.o
       178          0          0          0          0        108   fadd.o
       124          0          0          0          0         72   fdiv.o
       130          0          0          0          0        144   fepilogue.o
        14          0          0          0          0         68   ffltui.o
       122          0          0          0          0         72   fmul.o

    ----------------------------------------------------------------------
      1908         46          0          0          0       1820   Library Totals
         2          0          0          0          0          0   (incl. Padding)

    ----------------------------------------------------------------------

      Code (inc. data)   RO Data    RW Data    ZI Data      Debug   Library Name

       306         16          0          0          0        504   mc_p.l
      1600         30          0          0          0       1316   mf_p.l

    ----------------------------------------------------------------------
      1908         46          0          0          0       1820   Library Totals

    ----------------------------------------------------------------------

==============================================================================


      Code (inc. data)   RO Data    RW Data    ZI Data      Debug   

     14852       1108       1124        124       1740     410507   Grand Totals
     14852       1108       1124        124       1740     410507   ELF Image Totals
     14852       1108       1124        124          0          0   ROM Totals

==============================================================================

    Total RO  Size (Code + RO Data)                15976 (  15.60kB)
    Total RW  Size (RW Data + ZI Data)              1864 (   1.82kB)
    Total ROM Size (Code + RO Data + RW Data)      16100 (  15.72kB)

==============================================================================

